Component: ARM Compiler 5.06 update 6 (build 750) Tool: armlink [4d35ed]

==============================================================================

Section Cross References

    startup_stm32f40_41xxx.o(STACK) refers (Special) to heapauxi.o(.text) for __use_two_region_memory
    startup_stm32f40_41xxx.o(HEAP) refers (Special) to heapauxi.o(.text) for __use_two_region_memory
    startup_stm32f40_41xxx.o(RESET) refers (Special) to heapauxi.o(.text) for __use_two_region_memory
    startup_stm32f40_41xxx.o(RESET) refers to startup_stm32f40_41xxx.o(STACK) for __initial_sp
    startup_stm32f40_41xxx.o(RESET) refers to startup_stm32f40_41xxx.o(.text) for Reset_Handler
    startup_stm32f40_41xxx.o(RESET) refers to stm32f4xx_it.o(i.NMI_Handler) for NMI_Handler
    startup_stm32f40_41xxx.o(RESET) refers to stm32f4xx_it.o(i.HardFault_Handler) for HardFault_Handler
    startup_stm32f40_41xxx.o(RESET) refers to stm32f4xx_it.o(i.MemManage_Handler) for MemManage_Handler
    startup_stm32f40_41xxx.o(RESET) refers to stm32f4xx_it.o(i.BusFault_Handler) for BusFault_Handler
    startup_stm32f40_41xxx.o(RESET) refers to stm32f4xx_it.o(i.UsageFault_Handler) for UsageFault_Handler
    startup_stm32f40_41xxx.o(RESET) refers to stm32f4xx_it.o(i.SVC_Handler) for SVC_Handler
    startup_stm32f40_41xxx.o(RESET) refers to stm32f4xx_it.o(i.DebugMon_Handler) for DebugMon_Handler
    startup_stm32f40_41xxx.o(RESET) refers to stm32f4xx_it.o(i.PendSV_Handler) for PendSV_Handler
    startup_stm32f40_41xxx.o(RESET) refers to stm32f4xx_it.o(i.SysTick_Handler) for SysTick_Handler
    startup_stm32f40_41xxx.o(RESET) refers to i2s.o(i.DMA1_Stream3_IRQHandler) for DMA1_Stream3_IRQHandler
    startup_stm32f40_41xxx.o(RESET) refers to i2s.o(i.DMA1_Stream4_IRQHandler) for DMA1_Stream4_IRQHandler
    startup_stm32f40_41xxx.o(RESET) refers to sys.o(i.USART1_IRQHandler) for USART1_IRQHandler
    startup_stm32f40_41xxx.o(RESET) refers to exti.o(i.EXTI15_10_IRQHandler) for EXTI15_10_IRQHandler
    startup_stm32f40_41xxx.o(RESET) refers to sdio_sdcard.o(i.SDIO_IRQHandler) for SDIO_IRQHandler
    startup_stm32f40_41xxx.o(RESET) refers to timer.o(i.TIM5_IRQHandler) for TIM5_IRQHandler
    startup_stm32f40_41xxx.o(RESET) refers to 4g_uart.o(i.UART4_IRQHandler) for UART4_IRQHandler
    startup_stm32f40_41xxx.o(RESET) refers to timer.o(i.TIM7_IRQHandler) for TIM7_IRQHandler
    startup_stm32f40_41xxx.o(RESET) refers to ussend.o(i.DMA2_Stream7_IRQHandler) for DMA2_Stream7_IRQHandler
    startup_stm32f40_41xxx.o(.text) refers (Special) to heapauxi.o(.text) for __use_two_region_memory
    startup_stm32f40_41xxx.o(.text) refers to system_stm32f4xx.o(i.SystemInit) for SystemInit
    startup_stm32f40_41xxx.o(.text) refers to __main.o(!!!main) for __main
    startup_stm32f40_41xxx.o(.text) refers to startup_stm32f40_41xxx.o(HEAP) for Heap_Mem
    startup_stm32f40_41xxx.o(.text) refers to startup_stm32f40_41xxx.o(STACK) for Stack_Mem
    main.o(i.main) refers to sys.o(i.SYS_Init) for SYS_Init
    main.o(i.main) refers to led.o(i.LED_Init) for LED_Init
    main.o(i.main) refers to exti.o(i.EXTIX_Init) for EXTIX_Init
    main.o(i.main) refers to wm8978.o(i.WM8978_Init) for WM8978_Init
    main.o(i.main) refers to malloc.o(i.my_mem_init) for my_mem_init
    main.o(i.main) refers to fatfs.o(i.fatfs_init) for fatfs_init
    main.o(i.main) refers to ff.o(i.f_mount) for f_mount
    main.o(i.main) refers to __2printf.o(.text) for __2printf
    main.o(i.main) refers to timer.o(i.TIM5_Int_Init) for TIM5_Int_Init
    main.o(i.main) refers to m8266hostif_stm32xx.o(i.M8266HostIf_Init) for M8266HostIf_Init
    main.o(i.main) refers to m8266wifi_ops.o(i.M8266WIFI_Module_Init_Via_SPI) for M8266WIFI_Module_Init_Via_SPI
    main.o(i.main) refers to test_m8266wifi.o(i.M8266WIFI_SetMod) for M8266WIFI_SetMod
    main.o(i.main) refers to recorder.o(i.wav_recorder) for wav_recorder
    main.o(i.main) refers to sys.o(i.delay_ms) for delay_ms
    main.o(i.main) refers to fatfs.o(.data) for diskfs
    main.o(i.main) refers to exti.o(.data) for tanspar_flag
    system_stm32f4xx.o(i.SystemCoreClockUpdate) refers to system_stm32f4xx.o(.data) for SystemCoreClock
    system_stm32f4xx.o(i.SystemInit) refers to system_stm32f4xx.o(i.SetSysClock) for SetSysClock
    stm32f4xx_adc.o(i.ADC_DeInit) refers to stm32f4xx_rcc.o(i.RCC_APB2PeriphResetCmd) for RCC_APB2PeriphResetCmd
    stm32f4xx_can.o(i.CAN_DeInit) refers to stm32f4xx_rcc.o(i.RCC_APB1PeriphResetCmd) for RCC_APB1PeriphResetCmd
    stm32f4xx_can.o(i.CAN_GetITStatus) refers to stm32f4xx_can.o(i.CheckITStatus) for CheckITStatus
    stm32f4xx_cryp.o(i.CRYP_DeInit) refers to stm32f4xx_rcc.o(i.RCC_AHB2PeriphResetCmd) for RCC_AHB2PeriphResetCmd
    stm32f4xx_dac.o(i.DAC_DeInit) refers to stm32f4xx_rcc.o(i.RCC_APB1PeriphResetCmd) for RCC_APB1PeriphResetCmd
    stm32f4xx_flash.o(i.FLASH_EraseAllBank1Sectors) refers to stm32f4xx_flash.o(i.FLASH_WaitForLastOperation) for FLASH_WaitForLastOperation
[...]
    I2C3_EV_IRQHandler                       0x080002a7   Thumb Code     0  startup_stm32f40_41xxx.o(.text)
    OTG_FS_IRQHandler                        0x080002a7   Thumb Code     0  startup_stm32f40_41xxx.o(.text)
    OTG_FS_WKUP_IRQHandler                   0x080002a7   Thumb Code     0  startup_stm32f40_41xxx.o(.text)
    OTG_HS_EP1_IN_IRQHandler                 0x080002a7   Thumb Code     0  startup_stm32f40_41xxx.o(.text)
    OTG_HS_EP1_OUT_IRQHandler                0x080002a7   Thumb Code     0  startup_stm32f40_41xxx.o(.text)
    OTG_HS_IRQHandler                        0x080002a7   Thumb Code     0  startup_stm32f40_41xxx.o(.text)
    OTG_HS_WKUP_IRQHandler                   0x080002a7   Thumb Code     0  startup_stm32f40_41xxx.o(.text)
    PVD_IRQHandler                           0x080002a7   Thumb Code     0  startup_stm32f40_41xxx.o(.text)
    RCC_IRQHandler                           0x080002a7   Thumb Code     0  startup_stm32f40_41xxx.o(.text)
    RTC_Alarm_IRQHandler                     0x080002a7   Thumb Code     0  startup_stm32f40_41xxx.o(.text)
    RTC_WKUP_IRQHandler                      0x080002a7   Thumb Code     0  startup_stm32f40_41xxx.o(.text)
    SPI1_IRQHandler                          0x080002a7   Thumb Code     0  startup_stm32f40_41xxx.o(.text)
    SPI2_IRQHandler                          0x080002a7   Thumb Code     0  startup_stm32f40_41xxx.o(.text)
    SPI3_IRQHandler                          0x080002a7   Thumb Code     0  startup_stm32f40_41xxx.o(.text)
    TAMP_STAMP_IRQHandler                    0x080002a7   Thumb Code     0  startup_stm32f40_41xxx.o(.text)
    TIM1_BRK_TIM9_IRQHandler                 0x080002a7   Thumb Code     0  startup_stm32f40_41xxx.o(.text)
    TIM1_CC_IRQHandler                       0x080002a7   Thumb Code     0  startup_stm32f40_41xxx.o(.text)
    TIM1_TRG_COM_TIM11_IRQHandler            0x080002a7   Thumb Code     0  startup_stm32f40_41xxx.o(.text)
    TIM1_UP_TIM10_IRQHandler                 0x080002a7   Thumb Code     0  startup_stm32f40_41xxx.o(.text)
    TIM2_IRQHandler                          0x080002a7   Thumb Code     0  startup_stm32f40_41xxx.o(.text)
    TIM3_IRQHandler                          0x080002a7   Thumb Code     0  startup_stm32f40_41xxx.o(.text)
    TIM4_IRQHandler                          0x080002a7   Thumb Code     0  startup_stm32f40_41xxx.o(.text)
    TIM6_DAC_IRQHandler                      0x080002a7   Thumb Code     0  startup_stm32f40_41xxx.o(.text)
    TIM8_BRK_TIM12_IRQHandler                0x080002a7   Thumb Code     0  startup_stm32f40_41xxx.o(.text)
    TIM8_CC_IRQHandler                       0x080002a7   Thumb Code     0  startup_stm32f40_41xxx.o(.text)
    TIM8_TRG_COM_TIM14_IRQHandler            0x080002a7   Thumb Code     0  startup_stm32f40_41xxx.o(.text)
    TIM8_UP_TIM13_IRQHandler                 0x080002a7   Thumb Code     0  startup_stm32f40_41xxx.o(.text)
    UART5_IRQHandler                         0x080002a7   Thumb Code     0  startup_stm32f40_41xxx.o(.text)
    USART2_IRQHandler                        0x080002a7   Thumb Code     0  startup_stm32f40_41xxx.o(.text)
    USART3_IRQHandler                        0x080002a7   Thumb Code     0  startup_stm32f40_41xxx.o(.text)
    USART6_IRQHandler                        0x080002a7   Thumb Code     0  startup_stm32f40_41xxx.o(.text)
    WWDG_IRQHandler                          0x080002a7   Thumb Code     0  startup_stm32f40_41xxx.o(.text)
    __user_initial_stackheap                 0x080002a9   Thumb Code     0  startup_stm32f40_41xxx.o(.text)
    __use_no_semihosting                     0x080002cd   Thumb Code     2  use_no_semi_2.o(.text)
    __2printf                                0x080002d1   Thumb Code    20  __2printf.o(.text)
    __2sprintf                               0x080002e9   Thumb Code    38  __2sprintf.o(.text)
    _printf_str                              0x08000315   Thumb Code    82  _printf_str.o(.text)
    _printf_int_dec                          0x08000369   Thumb Code   104  _printf_dec.o(.text)
    _printf_longlong_hex                     0x080003e1   Thumb Code    86  _printf_hex_int_ll_ptr.o(.text)
    _printf_int_hex                          0x08000437   Thumb Code    28  _printf_hex_int_ll_ptr.o(.text)
    _printf_ll_hex                           0x08000453   Thumb Code    12  _printf_hex_int_ll_ptr.o(.text)
    _printf_hex_ptr                          0x0800045f   Thumb Code    18  _printf_hex_int_ll_ptr.o(.text)
    __printf                                 0x08000475   Thumb Code   388  __printf_flags_ss_wp.o(.text)
    strlen                                   0x080005fd   Thumb Code    62  strlen.o(.text)
    __aeabi_memcpy                           0x0800063b   Thumb Code     0  rt_memcpy_v6.o(.text)
    __rt_memcpy                              0x0800063b   Thumb Code   138  rt_memcpy_v6.o(.text)
    _memcpy_lastbytes                        0x080006a1   Thumb Code     0  rt_memcpy_v6.o(.text)
    memset                                   0x080006c5   Thumb Code    22  memset.o(.text)
    __aeabi_memclr                           0x080006db   Thumb Code     0  rt_memclr.o(.text)
    __rt_memclr                              0x080006db   Thumb Code    68  rt_memclr.o(.text)
    _memset                                  0x080006df   Thumb Code     0  rt_memclr.o(.text)
    __aeabi_memclr4                          0x0800071f   Thumb Code     0  rt_memclr_w.o(.text)
    __aeabi_memclr8                          0x0800071f   Thumb Code     0  rt_memclr_w.o(.text)
    __rt_memclr_w                            0x0800071f   Thumb Code    78  rt_memclr_w.o(.text)
    _memset_w                                0x08000723   Thumb Code     0  rt_memclr_w.o(.text)
    strcmp                                   0x0800076d   Thumb Code   128  strcmpv7m.o(.text)
    __use_two_region_memory                  0x080007ed   Thumb Code     2  heapauxi.o(.text)
    __rt_heap_escrow$2region                 0x080007ef   Thumb Code     2  heapauxi.o(.text)
    __rt_heap_expand$2region                 0x080007f1   Thumb Code     2  heapauxi.o(.text)
    __I$use$semihosting                      0x080007f3   Thumb Code     0  use_no_semi.o(.text)
    __use_no_semihosting_swi                 0x080007f3   Thumb Code     2  use_no_semi.o(.text)
    _printf_int_common                       0x080007f5   Thumb Code   178  _printf_intcommon.o(.text)
    _printf_char_common                      0x080008b3   Thumb Code    32  _printf_char_common.o(.text)
    _sputc                                   0x080008d9   Thumb Code    10  _sputc.o(.text)
    _printf_cs_common                        0x080008e3   Thumb Code    20  _printf_char.o(.text)
    _printf_char                             0x080008f7   Thumb Code    16  _printf_char.o(.text)
    _printf_string                           0x08000907   Thumb Code     8  _printf_char.o(.text)
    _printf_char_file                        0x08000911   Thumb Code    32  _printf_char_file.o(.text)
    __aeabi_memcpy4                          0x08000935   Thumb Code     0  rt_memcpy_w.o(.text)
    __aeabi_memcpy8                          0x08000935   Thumb Code     0  rt_memcpy_w.o(.text)
    __rt_memcpy_w                            0x08000935   Thumb Code   100  rt_memcpy_w.o(.text)
    _memcpy_lastbytes_aligned                0x0800097d   Thumb Code     0  rt_memcpy_w.o(.text)
    ferror                                   0x08000999   Thumb Code     8  ferror.o(.text)
    __user_setup_stackheap                   0x080009a1   Thumb Code    74  sys_stackheap_outer.o(.text)
    exit                                     0x080009eb   Thumb Code    18  exit.o(.text)
    __user_libspace                          0x080009fd   Thumb Code     8  libspace.o(.text)
    __user_perproc_libspace                  0x080009fd   Thumb Code     0  libspace.o(.text)
    __user_perthread_libspace                0x080009fd   Thumb Code     0  libspace.o(.text)
    M8266HostIf_SPI_DMA_StartReceiveSendData 0x08000a05   Thumb Code   132  M8266WIFIDrv_STM32F4xx.o(.text.M8266HostIf_SPI_DMA_StartReceiveSendData)
    M8266HostIf_SPI_Select                   0x08000a89   Thumb Code   244  M8266WIFIDrv_STM32F4xx.o(.text.M8266HostIf_SPI_Select)
    M8266HostIf_SPI_rrs                      0x08000b7d   Thumb Code    68  M8266WIFIDrv_STM32F4xx.o(.text.M8266HostIf_SPI_rrs)
    M8266HostIf_SPI_wrs                      0x08000bc1   Thumb Code   112  M8266WIFIDrv_STM32F4xx.o(.text.M8266HostIf_SPI_wrs)
    M8266WIFI_SPI_Config_STA_Param           0x08000c31   Thumb Code    26  M8266WIFIDrv_STM32F4xx.o(.text.M8266WIFI_SPI_Config_STA_Param)
    M8266WIFI_SPI_Config_Tcp_Window_num      0x08000c4b   Thumb Code    26  M8266WIFIDrv_STM32F4xx.o(.text.M8266WIFI_SPI_Config_Tcp_Window_num)
    M8266WIFI_SPI_Delete_Connection          0x08000c65   Thumb Code    24  M8266WIFIDrv_STM32F4xx.o(.text.M8266WIFI_SPI_Delete_Connection)
    M8266WIFI_SPI_Get_Module_Info            0x08000c7d   Thumb Code   174  M8266WIFIDrv_STM32F4xx.o(.text.M8266WIFI_SPI_Get_Module_Info)
    M8266WIFI_SPI_Get_Opmode                 0x08000d2b   Thumb Code   112  M8266WIFIDrv_STM32F4xx.o(.text.M8266WIFI_SPI_Get_Opmode)
    M8266WIFI_SPI_Get_STA_Connection_Status  0x08000d9b   Thumb Code   122  M8266WIFIDrv_STM32F4xx.o(.text.M8266WIFI_SPI_Get_STA_Connection_Status)
    M8266WIFI_SPI_Get_STA_IP_Addr            0x08000e15   Thumb Code   146  M8266WIFIDrv_STM32F4xx.o(.text.M8266WIFI_SPI_Get_STA_IP_Addr)
    M8266WIFI_SPI_Has_DataReceived           0x08000ea7   Thumb Code    28  M8266WIFIDrv_STM32F4xx.o(.text.M8266WIFI_SPI_Has_DataReceived)
    M8266WIFI_SPI_Interface_Communication_OK 0x08000ec5   Thumb Code    84  M8266WIFIDrv_STM32F4xx.o(.text.M8266WIFI_SPI_Interface_Communication_OK)
    M8266WIFI_SPI_Interface_Communication_Stress_Test 0x08000f19   Thumb Code   114  M8266WIFIDrv_STM32F4xx.o(.text.M8266WIFI_SPI_Interface_Communication_Stress_Test)
    M8266WIFI_SPI_Query_Connection           0x08000f8b   Thumb Code   244  M8266WIFIDrv_STM32F4xx.o(.text.M8266WIFI_SPI_Query_Connection)
    M8266WIFI_SPI_Query_Tcp_Mss              0x0800107f   Thumb Code   126  M8266WIFIDrv_STM32F4xx.o(.text.M8266WIFI_SPI_Query_Tcp_Mss)
    M8266WIFI_SPI_Query_Tcp_Window_num       0x080010fd   Thumb Code    28  M8266WIFIDrv_STM32F4xx.o(.text.M8266WIFI_SPI_Query_Tcp_Window_num)
    M8266WIFI_SPI_Recv                       0x08001119   Thumb Code   592  M8266WIFIDrv_STM32F4xx.o(.text.M8266WIFI_SPI_Recv)
    M8266WIFI_SPI_RecvData                   0x08001369   Thumb Code    30  M8266WIFIDrv_STM32F4xx.o(.text.M8266WIFI_SPI_RecvData)
    M8266WIFI_SPI_STA_Connect_Ap             0x08001389   Thumb Code   616  M8266WIFIDrv_STM32F4xx.o(.text.M8266WIFI_SPI_STA_Connect_Ap)
    M8266WIFI_SPI_STA_Connect_Ap_Old         0x080015f1   Thumb Code   496  M8266WIFIDrv_STM32F4xx.o(.text.M8266WIFI_SPI_STA_Connect_Ap_Old)
    M8266WIFI_SPI_STA_DisConnect_Ap          0x080017e1   Thumb Code   132  M8266WIFIDrv_STM32F4xx.o(.text.M8266WIFI_SPI_STA_DisConnect_Ap)
    M8266WIFI_SPI_STA_Get_HostIP_by_HostName 0x08001865   Thumb Code   348  M8266WIFIDrv_STM32F4xx.o(.text.M8266WIFI_SPI_STA_Get_HostIP_by_HostName)
    M8266WIFI_SPI_STA_Query_Current_SSID_And_RSSI 0x080019c1   Thumb Code   172  M8266WIFIDrv_STM32F4xx.o(.text.M8266WIFI_SPI_STA_Query_Current_SSID_And_RSSI)
    M8266WIFI_SPI_Send_BlockData             0x08001a6d   Thumb Code   332  M8266WIFIDrv_STM32F4xx.o(.text.M8266WIFI_SPI_Send_BlockData)
    M8266WIFI_SPI_Set_Opmode                 0x08001bb9   Thumb Code   156  M8266WIFIDrv_STM32F4xx.o(.text.M8266WIFI_SPI_Set_Opmode)
    M8266WIFI_SPI_Setup_Connection           0x08001c55   Thumb Code   612  M8266WIFIDrv_STM32F4xx.o(.text.M8266WIFI_SPI_Setup_Connection)
    M8266WIFI_SPI_Slave_Has_Response         0x08001eb9   Thumb Code    28  M8266WIFIDrv_STM32F4xx.o(.text.M8266WIFI_SPI_Slave_Has_Response)
    M8266WIFI_SPI_Status_Start_To_Rxd_Has_Been_Cleared 0x08001ed5   Thumb Code    26  M8266WIFIDrv_STM32F4xx.o(.text.M8266WIFI_SPI_Status_Start_To_Rxd_Has_Been_Cleared)
    M8266WIFI_SPI_TxdBuffer_Free             0x08001eef   Thumb Code    28  M8266WIFIDrv_STM32F4xx.o(.text.M8266WIFI_SPI_TxdBuffer_Free)
    M8266WIFI_SPI_capstp                     0x08001f0d   Thumb Code   284  M8266WIFIDrv_STM32F4xx.o(.text.M8266WIFI_SPI_capstp)
    M8266WIFI_SPI_csb                        0x08002029   Thumb Code    86  M8266WIFIDrv_STM32F4xx.o(.text.M8266WIFI_SPI_csb)
    M8266WIFI_SPI_ctpsp                      0x08002081   Thumb Code   224  M8266WIFIDrv_STM32F4xx.o(.text.M8266WIFI_SPI_ctpsp)
    M8266WIFI_SPI_dlodc                      0x08002161   Thumb Code   406  M8266WIFIDrv_STM32F4xx.o(.text.M8266WIFI_SPI_dlodc)
    M8266WIFI_SPI_qacal                      0x080022f7   Thumb Code   268  M8266WIFIDrv_STM32F4xx.o(.text.M8266WIFI_SPI_qacal)
    M8266WIFI_SPI_qtpsp                      0x08002405   Thumb Code   276  M8266WIFIDrv_STM32F4xx.o(.text.M8266WIFI_SPI_qtpsp)
    M8266WIFI_SPI_rra                        0x08002519   Thumb Code    30  M8266WIFIDrv_STM32F4xx.o(.text.M8266WIFI_SPI_rra)
    M8266WIFI_SPI_rru                        0x08002537   Thumb Code    62  M8266WIFIDrv_STM32F4xx.o(.text.M8266WIFI_SPI_rru)
    M8266WIFI_SPI_rrud                       0x08002575   Thumb Code    80  M8266WIFIDrv_STM32F4xx.o(.text.M8266WIFI_SPI_rrud)
    M8266WIFI_SPI_sbis                       0x080025c5   Thumb Code    32  M8266WIFIDrv_STM32F4xx.o(.text.M8266WIFI_SPI_sbis)
    M8266WIFI_SPI_sdfal                      0x080025e5   Thumb Code   708  M8266WIFIDrv_STM32F4xx.o(.text.M8266WIFI_SPI_sdfal)
    M8266WIFI_SPI_sptdt                      0x080028a9   Thumb Code   276  M8266WIFIDrv_STM32F4xx.o(.text.M8266WIFI_SPI_sptdt)
    M8266WIFI_SPI_srh                        0x080029bd   Thumb Code   388  M8266WIFIDrv_STM32F4xx.o(.text.M8266WIFI_SPI_srh)
    M8266WIFI_SPI_ssa                        0x08002b41   Thumb Code    32  M8266WIFIDrv_STM32F4xx.o(.text.M8266WIFI_SPI_ssa)
    M8266WIFI_SPI_ssb                        0x08002b61   Thumb Code   130  M8266WIFIDrv_STM32F4xx.o(.text.M8266WIFI_SPI_ssb)
    M8266WIFI_SPI_ssmd                       0x08002be5   Thumb Code   204  M8266WIFIDrv_STM32F4xx.o(.text.M8266WIFI_SPI_ssmd)
    M8266WIFI_SPI_sstso                      0x08002cb1   Thumb Code   456  M8266WIFIDrv_STM32F4xx.o(.text.M8266WIFI_SPI_sstso)
    M8266WIFI_SPI_ssu                        0x08002e79   Thumb Code   104  M8266WIFIDrv_STM32F4xx.o(.text.M8266WIFI_SPI_ssu)
    M8266WIFI_SPI_ssud                       0x08002ee1   Thumb Code    68  M8266WIFIDrv_STM32F4xx.o(.text.M8266WIFI_SPI_ssud)
    M8266WIFI_SPI_ssut                       0x08002f25   Thumb Code   104  M8266WIFIDrv_STM32F4xx.o(.text.M8266WIFI_SPI_ssut)
    M8266WIFI_SPI_tufs                       0x08002f8d   Thumb Code    28  M8266WIFIDrv_STM32F4xx.o(.text.M8266WIFI_SPI_tufs)
    M8266WIFI_SPI_wsbsbs1                    0x08002fa9   Thumb Code    58  M8266WIFIDrv_STM32F4xx.o(.text.M8266WIFI_SPI_wsbsbs1)
    M8266WIFI_SPI_wscbf                      0x08002fe3   Thumb Code    62  M8266WIFIDrv_STM32F4xx.o(.text.M8266WIFI_SPI_wscbf)
    M8266WIFI_SPI_wscr                       0x08003021   Thumb Code    80  M8266WIFIDrv_STM32F4xx.o(.text.M8266WIFI_SPI_wscr)
    M8266WIFI_SPI_wspsr                      0x08003071   Thumb Code    76  M8266WIFIDrv_STM32F4xx.o(.text.M8266WIFI_SPI_wspsr)
    M8266WIFI_SPI_wspss                      0x080030bd   Thumb Code    76  M8266WIFIDrv_STM32F4xx.o(.text.M8266WIFI_SPI_wspss)
    M8266WIFI_SPI_wsscbhud                   0x08003109   Thumb Code    60  M8266WIFIDrv_STM32F4xx.o(.text.M8266WIFI_SPI_wsscbhud)
    M8266WIFI_SPI_wsscrhd                    0x08003145   Thumb Code    74  M8266WIFIDrv_STM32F4xx.o(.text.M8266WIFI_SPI_wsscrhd)
    M8266WIFI_Wait_SPI_sfad                  0x0800318f   Thumb Code    60  M8266WIFIDrv_STM32F4xx.o(.text.M8266WIFI_Wait_SPI_sfad)
    fvcp                                     0x080031cb   Thumb Code    90  M8266WIFIDrv_STM32F4xx.o(.text.fvcp)
    fvdnstap                                 0x08003225   Thumb Code    52  M8266WIFIDrv_STM32F4xx.o(.text.fvdnstap)
    BusFault_Handler                         0x08003259   Thumb Code     4  stm32f4xx_it.o(i.BusFault_Handler)
    CmdError                                 0x0800325d   Thumb Code    48  sdio_sdcard.o(i.CmdError)
    CmdResp1Error                            0x0800328d   Thumb Code    94  sdio_sdcard.o(i.CmdResp1Error)
    CmdResp2Error                            0x080032f1   Thumb Code    80  sdio_sdcard.o(i.CmdResp2Error)
    CmdResp3Error                            0x08003345   Thumb Code    50  sdio_sdcard.o(i.CmdResp3Error)
    CmdResp6Error                            0x0800337d   Thumb Code   144  sdio_sdcard.o(i.CmdResp6Error)
    CmdResp7Error                            0x08003411   Thumb Code    70  sdio_sdcard.o(i.CmdResp7Error)
    DMA1_Stream3_IRQHandler                  0x0800345d   Thumb Code    30  i2s.o(i.DMA1_Stream3_IRQHandler)
    DMA1_Stream4_IRQHandler                  0x08003489   Thumb Code    30  i2s.o(i.DMA1_Stream4_IRQHandler)
    DMA2_Stream7_IRQHandler                  0x080034b5   Thumb Code    38  ussend.o(i.DMA2_Stream7_IRQHandler)
    DMA_ClearITPendingBit                    0x080034e9   Thumb Code    38  stm32f4xx_dma.o(i.DMA_ClearITPendingBit)
    DMA_Cmd                                  0x0800351d   Thumb Code    22  stm32f4xx_dma.o(i.DMA_Cmd)
    DMA_DeInit                               0x08003535   Thumb Code   324  stm32f4xx_dma.o(i.DMA_DeInit)
    DMA_DoubleBufferModeCmd                  0x0800368d   Thumb Code    22  stm32f4xx_dma.o(i.DMA_DoubleBufferModeCmd)
    DMA_DoubleBufferModeConfig               0x080036a3   Thumb Code    24  stm32f4xx_dma.o(i.DMA_DoubleBufferModeConfig)
    DMA_FlowControllerConfig                 0x080036bb   Thumb Code    22  stm32f4xx_dma.o(i.DMA_FlowControllerConfig)
    DMA_GetCmdStatus                         0x080036d1   Thumb Code    20  stm32f4xx_dma.o(i.DMA_GetCmdStatus)
    DMA_GetITStatus                          0x080036e5   Thumb Code    82  stm32f4xx_dma.o(i.DMA_GetITStatus)
    DMA_ITConfig                             0x08003749   Thumb Code    58  stm32f4xx_dma.o(i.DMA_ITConfig)
    DMA_Init                                 0x08003785   Thumb Code    82  stm32f4xx_dma.o(i.DMA_Init)
    DebugMon_Handler                         0x080037dd   Thumb Code     2  stm32f4xx_it.o(i.DebugMon_Handler)
    EXTI15_10_IRQHandler                     0x080037e1   Thumb Code    30  exti.o(i.EXTI15_10_IRQHandler)
    EXTIX_Init                               0x08003815   Thumb Code    80  exti.o(i.EXTIX_Init)
    EXTI_ClearITPendingBit                   0x08003865   Thumb Code     6  stm32f4xx_exti.o(i.EXTI_ClearITPendingBit)
    EXTI_Init                                0x08003871   Thumb Code   142  stm32f4xx_exti.o(i.EXTI_Init)
    FindSCR                                  0x08003905   Thumb Code   388  sdio_sdcard.o(i.FindSCR)
    GPIO_Init                                0x08003a99   Thumb Code   144  stm32f4xx_gpio.o(i.GPIO_Init)
    GPIO_PinAFConfig                         0x08003b29   Thumb Code    70  stm32f4xx_gpio.o(i.GPIO_PinAFConfig)
    GPIO_ResetBits                           0x08003b6f   Thumb Code     4  stm32f4xx_gpio.o(i.GPIO_ResetBits)
    GPIO_SetBits                             0x08003b73   Thumb Code     4  stm32f4xx_gpio.o(i.GPIO_SetBits)
    HardFault_Handler                        0x08003b77   Thumb Code     4  stm32f4xx_it.o(i.HardFault_Handler)
    I2S2_Init                                0x08003b7d   Thumb Code    98  i2s.o(i.I2S2_Init)
    I2S2_TX_DMA_Init                         0x08003be5   Thumb Code   164  i2s.o(i.I2S2_TX_DMA_Init)
    I2S2ext_Init                             0x08003c95   Thumb Code    76  i2s.o(i.I2S2ext_Init)
    I2S2ext_RX_DMA_Init                      0x08003ce5   Thumb Code   164  i2s.o(i.I2S2ext_RX_DMA_Init)
    I2S_Cmd                                  0x08003d95   Thumb Code    24  stm32f4xx_spi.o(i.I2S_Cmd)
    I2S_FullDuplexConfig                     0x08003dad   Thumb Code    80  stm32f4xx_spi.o(i.I2S_FullDuplexConfig)
    I2S_Init                                 0x08003dfd   Thumb Code   396  stm32f4xx_spi.o(i.I2S_Init)
    I2S_Play_Start                           0x08003f95   Thumb Code    12  i2s.o(i.I2S_Play_Start)
    I2S_Rec_Start                            0x08003fa5   Thumb Code    12  i2s.o(i.I2S_Rec_Start)
    IIC_Init                                 0x08003fb5   Thumb Code    62  myiic.o(i.IIC_Init)
    IIC_Send_Byte                            0x08004001   Thumb Code    90  myiic.o(i.IIC_Send_Byte)
    IIC_Start                                0x08004069   Thumb Code    64  myiic.o(i.IIC_Start)
    IIC_Stop                                 0x080040b5   Thumb Code    62  myiic.o(i.IIC_Stop)
    IIC_Wait_Ack                             0x08004101   Thumb Code    82  myiic.o(i.IIC_Wait_Ack)
    IsCardProgramming                        0x08004161   Thumb Code   146  sdio_sdcard.o(i.IsCardProgramming)
    LED_Init                                 0x08004201   Thumb Code   162  led.o(i.LED_Init)
    M8266HostIf_GPIO_CS_RESET_Init           0x080042ad   Thumb Code   102  m8266hostif_stm32xx.o(i.M8266HostIf_GPIO_CS_RESET_Init)
    M8266HostIf_Init                         0x0800431d   Thumb Code    12  m8266hostif_stm32xx.o(i.M8266HostIf_Init)
    M8266HostIf_SPI_Init                     0x08004329   Thumb Code   178  m8266hostif_stm32xx.o(i.M8266HostIf_SPI_Init)
    M8266HostIf_SPI_SetSpeed                 0x080043e5   Thumb Code    36  m8266hostif_stm32xx.o(i.M8266HostIf_SPI_SetSpeed)
    M8266HostIf_Set_SPI_nCS_Pin              0x0800440d   Thumb Code    18  m8266hostif_stm32xx.o(i.M8266HostIf_Set_SPI_nCS_Pin)
    M8266HostIf_Set_nRESET_Pin               0x08004425   Thumb Code    20  m8266hostif_stm32xx.o(i.M8266HostIf_Set_nRESET_Pin)
    M8266HostIf_delay_us                     0x0800443d   Thumb Code    12  m8266hostif_stm32xx.o(i.M8266HostIf_delay_us)
    M8266WIFI_Module_Hardware_Reset          0x08004449   Thumb Code    56  m8266wifi_ops.o(i.M8266WIFI_Module_Hardware_Reset)
    M8266WIFI_Module_Init_Via_SPI            0x08004481   Thumb Code   238  m8266wifi_ops.o(i.M8266WIFI_Module_Init_Via_SPI)
    M8266WIFI_Module_delay_ms                0x080045ad   Thumb Code    36  m8266wifi_ops.o(i.M8266WIFI_Module_delay_ms)
    M8266WIFI_SPI_wait_sta_connecting_to_ap_and_get_ip 0x080045d1   Thumb Code    70  m8266wifi_ops.o(i.M8266WIFI_SPI_wait_sta_connecting_to_ap_and_get_ip)
    M8266WIFI_SetMod                         0x08004621   Thumb Code    40  test_m8266wifi.o(i.M8266WIFI_SetMod)
    M8266WIFI_SetSocket                      0x08004665   Thumb Code    64  test_m8266wifi.o(i.M8266WIFI_SetSocket)
    M8266WIFI_Tans                           0x080046e5   Thumb Code   136  test_m8266wifi.o(i.M8266WIFI_Tans)
    MemManage_Handler                        0x0800476d   Thumb Code     4  stm32f4xx_it.o(i.MemManage_Handler)
    NMI_Handler                              0x08004771   Thumb Code     2  stm32f4xx_it.o(i.NMI_Handler)
    NVIC_Init                                0x08004775   Thumb Code   106  misc.o(i.NVIC_Init)
    NVIC_PriorityGroupConfig                 0x080047ed   Thumb Code    10  misc.o(i.NVIC_PriorityGroupConfig)
    PendSV_Handler                           0x08004801   Thumb Code     2  stm32f4xx_it.o(i.PendSV_Handler)
    RCC_AHB1PeriphClockCmd                   0x08004805   Thumb Code    26  stm32f4xx_rcc.o(i.RCC_AHB1PeriphClockCmd)
    RCC_APB1PeriphClockCmd                   0x08004825   Thumb Code    26  stm32f4xx_rcc.o(i.RCC_APB1PeriphClockCmd)
    RCC_APB1PeriphResetCmd                   0x08004845   Thumb Code    26  stm32f4xx_rcc.o(i.RCC_APB1PeriphResetCmd)
    RCC_APB2PeriphClockCmd                   0x08004865   Thumb Code    26  stm32f4xx_rcc.o(i.RCC_APB2PeriphClockCmd)
    RCC_APB2PeriphResetCmd                   0x08004885   Thumb Code    26  stm32f4xx_rcc.o(i.RCC_APB2PeriphResetCmd)
    RCC_GetClocksFreq                        0x080048a5   Thumb Code   214  stm32f4xx_rcc.o(i.RCC_GetClocksFreq)
    SDEnWideBus                              0x0800498d   Thumb Code   158  sdio_sdcard.o(i.SDEnWideBus)
    SDIO_ClearFlag                           0x08004a39   Thumb Code     6  stm32f4xx_sdio.o(i.SDIO_ClearFlag)
    SDIO_Clock_Set                           0x08004a45   Thumb Code    16  sdio_sdcard.o(i.SDIO_Clock_Set)
    SDIO_DataConfig                          0x08004a59   Thumb Code    46  stm32f4xx_sdio.o(i.SDIO_DataConfig)
    SDIO_GetFlagStatus                       0x08004a8d   Thumb Code    20  stm32f4xx_sdio.o(i.SDIO_GetFlagStatus)
    SDIO_GetPowerState                       0x08004aa5   Thumb Code    10  stm32f4xx_sdio.o(i.SDIO_GetPowerState)
    SDIO_IRQHandler                          0x08004ab5   Thumb Code     8  sdio_sdcard.o(i.SDIO_IRQHandler)
    SDIO_Init                                0x08004abd   Thumb Code    42  stm32f4xx_sdio.o(i.SDIO_Init)
    SDIO_Register_Deinit                     0x08004aed   Thumb Code    48  sdio_sdcard.o(i.SDIO_Register_Deinit)
    SDIO_SendCommand                         0x08004b25   Thumb Code    40  stm32f4xx_sdio.o(i.SDIO_SendCommand)
    SDIO_SetPowerState                       0x08004b51   Thumb Code     6  stm32f4xx_sdio.o(i.SDIO_SetPowerState)
    SD_DMA_Config                            0x08004b5d   Thumb Code   118  sdio_sdcard.o(i.SD_DMA_Config)
    SD_EnableWideBusOperation                0x08004bdd   Thumb Code    94  sdio_sdcard.o(i.SD_EnableWideBusOperation)
    SD_GetCardInfo                           0x08004c45   Thumb Code   772  sdio_sdcard.o(i.SD_GetCardInfo)
    SD_GetState                              0x08004f59   Thumb Code    26  sdio_sdcard.o(i.SD_GetState)
    SD_Init                                  0x08004f75   Thumb Code   284  sdio_sdcard.o(i.SD_Init)
    SD_InitializeCards                       0x080050a5   Thumb Code   330  sdio_sdcard.o(i.SD_InitializeCards)
    SD_PowerON                               0x08005209   Thumb Code   460  sdio_sdcard.o(i.SD_PowerON)
    SD_ProcessIRQSrc                         0x080053ed   Thumb Code   318  sdio_sdcard.o(i.SD_ProcessIRQSrc)
    SD_ReadBlock                             0x08005541   Thumb Code   574  sdio_sdcard.o(i.SD_ReadBlock)
    SD_ReadDisk                              0x080057a9   Thumb Code   148  sdio_sdcard.o(i.SD_ReadDisk)
    SD_ReadMultiBlocks                       0x08005841   Thumb Code   710  sdio_sdcard.o(i.SD_ReadMultiBlocks)
    SD_SelectDeselect                        0x08005b35   Thumb Code    42  sdio_sdcard.o(i.SD_SelectDeselect)
    SD_SendStatus                            0x08005b65   Thumb Code    72  sdio_sdcard.o(i.SD_SendStatus)
    SD_SetDeviceMode                         0x08005bb9   Thumb Code    20  sdio_sdcard.o(i.SD_SetDeviceMode)
    SD_WriteBlock                            0x08005bd1   Thumb Code   862  sdio_sdcard.o(i.SD_WriteBlock)
    SD_WriteDisk                             0x08005f59   Thumb Code   148  sdio_sdcard.o(i.SD_WriteDisk)
    SD_WriteMultiBlocks                      0x08005ff1   Thumb Code   934  sdio_sdcard.o(i.SD_WriteMultiBlocks)
    SPI_Cmd                                  0x080063c1   Thumb Code    24  stm32f4xx_spi.o(i.SPI_Cmd)
    SPI_I2S_DMACmd                           0x080063d9   Thumb Code    18  stm32f4xx_spi.o(i.SPI_I2S_DMACmd)
    SPI_Init                                 0x080063eb   Thumb Code    60  stm32f4xx_spi.o(i.SPI_Init)
    SVC_Handler                              0x08006427   Thumb Code     2  stm32f4xx_it.o(i.SVC_Handler)
    SYSCFG_EXTILineConfig                    0x08006429   Thumb Code    60  stm32f4xx_syscfg.o(i.SYSCFG_EXTILineConfig)
    SYS_Init                                 0x08006469   Thumb Code   134  sys.o(i.SYS_Init)
    SysTick_CLKSourceConfig                  0x0800663d   Thumb Code    40  misc.o(i.SysTick_CLKSourceConfig)
    SysTick_Handler                          0x08006665   Thumb Code     2  stm32f4xx_it.o(i.SysTick_Handler)
    SystemInit                               0x08006669   Thumb Code    88  system_stm32f4xx.o(i.SystemInit)
    TIM5_IRQHandler                          0x080066d1   Thumb Code    34  timer.o(i.TIM5_IRQHandler)
    TIM5_Int_Init                            0x080066fd   Thumb Code    88  timer.o(i.TIM5_Int_Init)
    TIM7_IRQHandler                          0x08006759   Thumb Code    42  timer.o(i.TIM7_IRQHandler)
    TIM_ClearITPendingBit                    0x0800678d   Thumb Code     6  stm32f4xx_tim.o(i.TIM_ClearITPendingBit)
    TIM_Cmd                                  0x08006793   Thumb Code    24  stm32f4xx_tim.o(i.TIM_Cmd)
    TIM_GetITStatus                          0x080067ab   Thumb Code    34  stm32f4xx_tim.o(i.TIM_GetITStatus)
    TIM_ITConfig                             0x080067cd   Thumb Code    18  stm32f4xx_tim.o(i.TIM_ITConfig)
    TIM_SetCounter                           0x080067df   Thumb Code     4  stm32f4xx_tim.o(i.TIM_SetCounter)
    TIM_TimeBaseInit                         0x080067e5   Thumb Code   104  stm32f4xx_tim.o(i.TIM_TimeBaseInit)
    UART4_IRQHandler                         0x08006869   Thumb Code   100  4g_uart.o(i.UART4_IRQHandler)
    USART1_IRQHandler                        0x080068dd   Thumb Code   122  sys.o(i.USART1_IRQHandler)
    USART_Cmd                                0x08006965   Thumb Code    24  stm32f4xx_usart.o(i.USART_Cmd)
    USART_GetITStatus                        0x0800697d   Thumb Code    84  stm32f4xx_usart.o(i.USART_GetITStatus)
    USART_ITConfig                           0x080069d1   Thumb Code    74  stm32f4xx_usart.o(i.USART_ITConfig)
    USART_Init                               0x08006a1d   Thumb Code   204  stm32f4xx_usart.o(i.USART_Init)
    USART_ReceiveData                        0x08006af1   Thumb Code    10  stm32f4xx_usart.o(i.USART_ReceiveData)
    UsageFault_Handler                       0x08006afb   Thumb Code     4  stm32f4xx_it.o(i.UsageFault_Handler)
    WM8978_ADDA_Cfg                          0x08006aff   Thumb Code    64  wm8978.o(i.WM8978_ADDA_Cfg)
    WM8978_AUX_Gain                          0x08006b3f   Thumb Code    54  wm8978.o(i.WM8978_AUX_Gain)
    WM8978_I2S_Cfg                           0x08006b75   Thumb Code    28  wm8978.o(i.WM8978_I2S_Cfg)
    WM8978_Init                              0x08006b91   Thumb Code   244  wm8978.o(i.WM8978_Init)
    WM8978_Input_Cfg                         0x08006c8d   Thumb Code   102  wm8978.o(i.WM8978_Input_Cfg)
    WM8978_LINEIN_Gain                       0x08006cf3   Thumb Code    54  wm8978.o(i.WM8978_LINEIN_Gain)
    WM8978_MIC_Gain                          0x08006d29   Thumb Code    28  wm8978.o(i.WM8978_MIC_Gain)
    WM8978_Output_Cfg                        0x08006d45   Thumb Code    42  wm8978.o(i.WM8978_Output_Cfg)
    WM8978_Read_Reg                          0x08006d71   Thumb Code    10  wm8978.o(i.WM8978_Read_Reg)
    WM8978_SPKvol_Set                        0x08006d81   Thumb Code    34  wm8978.o(i.WM8978_SPKvol_Set)
    WM8978_Write_Reg                         0x08006da5   Thumb Code    80  wm8978.o(i.WM8978_Write_Reg)
    _is_digit                                0x08006df9   Thumb Code    14  __printf_wp.o(i._is_digit)
    _sys_exit                                0x08006e07   Thumb Code     4  sys.o(i._sys_exit)
    convert_from_bytes_to_power_of_two       0x08006ec3   Thumb Code    18  sdio_sdcard.o(i.convert_from_bytes_to_power_of_two)
    delay_ms                                 0x08006ed5   Thumb Code    26  sys.o(i.delay_ms)
    delay_us                                 0x08006ef1   Thumb Code    68  sys.o(i.delay_us)
    disk_initialize                          0x08006f39   Thumb Code    20  diskio.o(i.disk_initialize)
    disk_read                                0x08006f4d   Thumb Code    80  diskio.o(i.disk_read)
    disk_status                              0x08006f9d   Thumb Code    22  diskio.o(i.disk_status)
    disk_write                               0x08006fb3   Thumb Code    64  diskio.o(i.disk_write)
    f_mount                                  0x08006ff5   Thumb Code    80  ff.o(i.f_mount)
    fatfs_init                               0x08007049   Thumb Code   114  fatfs.o(i.fatfs_init)
    fputc                                    0x08007599   Thumb Code    22  sys.o(i.fputc)
    main                                     0x08007689   Thumb Code   124  main.o(i.main)
    my_mem_free                              0x080077d9   Thumb Code    96  malloc.o(i.my_mem_free)
    my_mem_init                              0x08007845   Thumb Code    54  malloc.o(i.my_mem_init)
    my_mem_malloc                            0x08007889   Thumb Code   156  malloc.o(i.my_mem_malloc)
    my_mem_perused                           0x08007931   Thumb Code    54  malloc.o(i.my_mem_perused)
    myfree                                   0x08007971   Thumb Code    30  malloc.o(i.myfree)
    mymalloc                                 0x08007995   Thumb Code    34  malloc.o(i.mymalloc)
    mymemset                                 0x080079bd   Thumb Code    20  malloc.o(i.mymemset)
    rec_i2s_dma_rx_callback                  0x080079d1   Thumb Code   118  recorder.o(i.rec_i2s_dma_rx_callback)
    recoder_enter_rec_mode                   0x08007a71   Thumb Code   130  recorder.o(i.recoder_enter_rec_mode)
    wav_recorder                             0x08007c05   Thumb Code   234  recorder.o(i.wav_recorder)
    _fp_init                                 0x08007d75   Thumb Code    10  fpinit.o(x$fpl$fpinit)
    __fplib_config_fpu_vfp                   0x08007d7d   Thumb Code     0  fpinit.o(x$fpl$fpinit)
    __fplib_config_pureend_doubles           0x08007d7d   Thumb Code     0  fpinit.o(x$fpl$fpinit)
    memtblsize                               0x08007d80   Data          12  malloc.o(.constdata)
    memblksize                               0x08007d8c   Data          12  malloc.o(.constdata)
    memsize                                  0x08007d98   Data          12  malloc.o(.constdata)
    i2splaybuf                               0x08007da4   Data           4  recorder.o(.constdata)
    cpu_name                                 0x08007e48   Data          16  M8266WIFIDrv_STM32F4xx.o(.rodata.cpu_name)
    Region$$Table$$Base                      0x08007e60   Number         0  anon$$obj.o(Region$$Table)
    Region$$Table$$Limit                     0x08007e80   Number         0  anon$$obj.o(Region$$Table)
    mem3base                                 0x10000000   Data       61440  malloc.o(.ARM.__AT_0x10000000)
    mem3mapbase                              0x1000f000   Data        3840  malloc.o(.ARM.__AT_0x1000F000)
    dma_4g_status                            0x20000000   Data           1  main.o(.data)
    i                                        0x20000001   Data           1  main.o(.data)
    __stdout                                 0x20000018   Data           4  sys.o(.data)
    USART_RX_STA                             0x2000001c   Data           2  sys.o(.data)
    mallco_dev                               0x20000020   Data          36  malloc.o(.data)
    br                                       0x20000044   Data           4  fatfs.o(.data)
    bw                                       0x20000048   Data           4  fatfs.o(.data)
    diskfs                                   0x2000004c   Data           4  fatfs.o(.data)
    file                                     0x20000050   Data           4  fatfs.o(.data)
    ftemp                                    0x20000054   Data           4  fatfs.o(.data)
    fatbuf                                   0x20000058   Data           4  fatfs.o(.data)
    TransferError                            0x20000066   Data           1  sdio_sdcard.o(.data)
    TransferEnd                              0x20000067   Data           1  sdio_sdcard.o(.data)
    tempbuff                                 0x20000068   Data           4  sdio_sdcard.o(.data)
    uart4_tx_flag                            0x2000006c   Data           1  4g_uart.o(.data)
    UART4_RX_STA                             0x2000006e   Data           2  4g_uart.o(.data)
    i2s_tx_callback                          0x20000070   Data           4  i2s.o(.data)
    i2s_rx_callback                          0x20000074   Data           4  i2s.o(.data)
    tanspar_flag                             0x200000ec   Data           1  exti.o(.data)
    recbuf1                                  0x200000f8   Data           4  recorder.o(.data)
    recbuf2                                  0x200000fc   Data           4  recorder.o(.data)
    i2srecbuf_sta                            0x20000100   Data           1  recorder.o(.data)
    f_rec                                    0x20000104   Data           4  recorder.o(.data)
    wavsize                                  0x20000108   Data           4  recorder.o(.data)
    rec_sta                                  0x2000010c   Data           1  recorder.o(.data)
    tx_flag                                  0x2000010e   Data           1  ussend.o(.data)
    DMA1_tx_flag                             0x2000010f   Data           1  ussend.o(.data)
    status_flag                              0x20000110   Data           2  ussend.o(.data)
    RCC_Clocks                               0x2000012c   Data          16  sys.o(.bss)
    USART_RX_BUF                             0x2000013c   Data         200  sys.o(.bss)
    mem1base                                 0x20000220   Data       102400  malloc.o(.bss)
    mem1mapbase                              0x20019220   Data        6400  malloc.o(.bss)
    SDIO_InitStructure                       0x2001ab20   Data          24  sdio_sdcard.o(.bss)
    SDIO_CmdInitStructure                    0x2001ab38   Data          20  sdio_sdcard.o(.bss)
    SDIO_DataInitStructure                   0x2001ab4c   Data          24  sdio_sdcard.o(.bss)
    SDCardInfo                               0x2001ab88   Data          88  sdio_sdcard.o(.bss)
    SDIO_DATA_BUFFER                         0x2001abe0   Data         512  sdio_sdcard.o(.bss)
    UART_DMA_TX_BUF                          0x2001ade0   Data        4000  4g_uart.o(.bss)
    UART4_RX_BUF                             0x2001bd80   Data         100  4g_uart.o(.bss)
    UART4_TX_BUF                             0x2001bde4   Data         100  4g_uart.o(.bss)
    __libspace_start                         0x2001be48   Data          96  libspace.o(.bss)
    __temporary_stack_top$libspace           0x2001bea8   Data           0  libspace.o(.bss)
    mem2base                                 0x68000000   Data       983040  malloc.o(.ARM.__AT_0x68000000)
    mem2mapbase                              0x680f0000   Data       61440  malloc.o(.ARM.__AT_0x680F0000)



==============================================================================

Memory Map of the image

  Image Entry point : 0x08000189

  Load Region LR_IROM1 (Base: 0x08000000, Size: 0x00007fac, Max: 0x00100000, ABSOLUTE, COMPRESSED[0x00007ef0])

    Execution Region ER_IROM1 (Exec base: 0x08000000, Load base: 0x08000000, Size: 0x00007e80, Max: 0x00100000, ABSOLUTE)

    Exec Addr    Load Addr    Size         Type   Attr      Idx    E Section Name        Object

    0x08000000   0x08000000   0x00000188   Data   RO            3    RESET               startup_stm32f40_41xxx.o
    0x08000188   0x08000188   0x00000008   Code   RO         7072  * !!!main             c_w.l(__main.o)
    0x08000190   0x08000190   0x00000034   Code   RO         7361    !!!scatter          c_w.l(__scatter.o)
    0x080001c4   0x080001c4   0x0000005a   Code   RO         7359    !!dczerorl2         c_w.l(__dczerorl2.o)
    0x0800021e   0x0800021e   0x00000002   PAD
    0x08000220   0x08000220   0x0000001c   Code   RO         7363    !!handler_zi        c_w.l(__scatter_zi.o)
    0x0800023c   0x0800023c   0x00000000   Code   RO         7048    .ARM.Collect$$_printf_percent$$00000000  c_w.l(_printf_percent.o)
    0x0800023c   0x0800023c   0x00000006   Code   RO         7047    .ARM.Collect$$_printf_percent$$00000009  c_w.l(_printf_d.o)
    0x08000242   0x08000242   0x00000006   Code   RO         7046    .ARM.Collect$$_printf_percent$$0000000C  c_w.l(_printf_x.o)
    0x08000248   0x08000248   0x00000006   Code   RO         7045    .ARM.Collect$$_printf_percent$$00000014  c_w.l(_printf_s.o)
    0x0800024e   0x0800024e   0x00000004   Code   RO         7118    .ARM.Collect$$_printf_percent$$00000017  c_w.l(_printf_percent_end.o)
    0x08000252   0x08000252   0x00000002   Code   RO         7228    .ARM.Collect$$libinit$$00000000  c_w.l(libinit.o)
    0x08000254   0x08000254   0x00000004   Code   RO         7245    .ARM.Collect$$libinit$$00000001  c_w.l(libinit2.o)
    0x08000258   0x08000258   0x00000000   Code   RO         7248    .ARM.Collect$$libinit$$00000004  c_w.l(libinit2.o)
    0x08000258   0x08000258   0x00000000   Code   RO         7251    .ARM.Collect$$libinit$$0000000A  c_w.l(libinit2.o)
    0x08000258   0x08000258   0x00000000   Code   RO         7253    .ARM.Collect$$libinit$$0000000C  c_w.l(libinit2.o)
    0x08000258   0x08000258   0x00000000   Code   RO         7255    .ARM.Collect$$libinit$$0000000E  c_w.l(libinit2.o)
    0x08000258   0x08000258   0x00000000   Code   RO         7258    .ARM.Collect$$libinit$$00000011  c_w.l(libinit2.o)
    0x08000258   0x08000258   0x00000000   Code   RO         7260    .ARM.Collect$$libinit$$00000013  c_w.l(libinit2.o)
    0x08000258   0x08000258   0x00000000   Code   RO         7262    .ARM.Collect$$libinit$$00000015  c_w.l(libinit2.o)
    0x08000258   0x08000258   0x00000000   Code   RO         7264    .ARM.Collect$$libinit$$00000017  c_w.l(libinit2.o)
    0x08000258   0x08000258   0x00000000   Code   RO         7266    .ARM.Collect$$libinit$$00000019  c_w.l(libinit2.o)
    0x08000258   0x08000258   0x00000000   Code   RO         7268    .ARM.Collect$$libinit$$0000001B  c_w.l(libinit2.o)
    0x08000258   0x08000258   0x00000000   Code   RO         7270    .ARM.Collect$$libinit$$0000001D  c_w.l(libinit2.o)
    0x08000258   0x08000258   0x00000000   Code   RO         7272    .ARM.Collect$$libinit$$0000001F  c_w.l(libinit2.o)
    0x08000258   0x08000258   0x00000000   Code   RO         7274    .ARM.Collect$$libinit$$00000021  c_w.l(libinit2.o)
    0x08000258   0x08000258   0x00000000   Code   RO         7276    .ARM.Collect$$libinit$$00000023  c_w.l(libinit2.o)
    0x08000258   0x08000258   0x00000000   Code   RO         7278    .ARM.Collect$$libinit$$00000025  c_w.l(libinit2.o)
    0x08000258   0x08000258   0x00000000   Code   RO         7282    .ARM.Collect$$libinit$$0000002C  c_w.l(libinit2.o)
    0x08000258   0x08000258   0x00000000   Code   RO         7284    .ARM.Collect$$libinit$$0000002E  c_w.l(libinit2.o)
    0x08000258   0x08000258   0x00000000   Code   RO         7286    .ARM.Collect$$libinit$$00000030  c_w.l(libinit2.o)
    0x08000258   0x08000258   0x00000000   Code   RO         7288    .ARM.Collect$$libinit$$00000032  c_w.l(libinit2.o)
    0x08000258   0x08000258   0x00000002   Code   RO         7289    .ARM.Collect$$libinit$$00000033  c_w.l(libinit2.o)
    0x0800025a   0x0800025a   0x00000002   Code   RO         7315    .ARM.Collect$$libshutdown$$00000000  c_w.l(libshutdown.o)
    0x0800025c   0x0800025c   0x00000000   Code   RO         7342    .ARM.Collect$$libshutdown$$00000002  c_w.l(libshutdown2.o)
    0x0800025c   0x0800025c   0x00000000   Code   RO         7344    .ARM.Collect$$libshutdown$$00000004  c_w.l(libshutdown2.o)
    0x0800025c   0x0800025c   0x00000000   Code   RO         7347    .ARM.Collect$$libshutdown$$00000007  c_w.l(libshutdown2.o)
    0x0800025c   0x0800025c   0x00000000   Code   RO         7350    .ARM.Collect$$libshutdown$$0000000A  c_w.l(libshutdown2.o)
    0x0800025c   0x0800025c   0x00000000   Code   RO         7352    .ARM.Collect$$libshutdown$$0000000C  c_w.l(libshutdown2.o)
    0x0800025c   0x0800025c   0x00000000   Code   RO         7355    .ARM.Collect$$libshutdown$$0000000F  c_w.l(libshutdown2.o)
    0x0800025c   0x0800025c   0x00000002   Code   RO         7356    .ARM.Collect$$libshutdown$$00000010  c_w.l(libshutdown2.o)
    0x0800025e   0x0800025e   0x00000000   Code   RO         7076    .ARM.Collect$$rtentry$$00000000  c_w.l(__rtentry.o)
    0x0800025e   0x0800025e   0x00000000   Code   RO         7141    .ARM.Collect$$rtentry$$00000002  c_w.l(__rtentry2.o)
    0x0800025e   0x0800025e   0x00000006   Code   RO         7153    .ARM.Collect$$rtentry$$00000004  c_w.l(__rtentry4.o)
    0x08000264   0x08000264   0x00000000   Code   RO         7143    .ARM.Collect$$rtentry$$00000009  c_w.l(__rtentry2.o)
    0x08000264   0x08000264   0x00000004   Code   RO         7144    .ARM.Collect$$rtentry$$0000000A  c_w.l(__rtentry2.o)
    0x08000268   0x08000268   0x00000000   Code   RO         7146    .ARM.Collect$$rtentry$$0000000C  c_w.l(__rtentry2.o)
    0x08000268   0x08000268   0x00000008   Code   RO         7147    .ARM.Collect$$rtentry$$0000000D  c_w.l(__rtentry2.o)
    0x08000270   0x08000270   0x00000002   Code   RO         7237    .ARM.Collect$$rtexit$$00000000  c_w.l(rtexit.o)
    0x08000272   0x08000272   0x00000000   Code   RO         7291    .ARM.Collect$$rtexit$$00000002  c_w.l(rtexit2.o)
    0x08000272   0x08000272   0x00000004   Code   RO         7292    .ARM.Collect$$rtexit$$00000003  c_w.l(rtexit2.o)
    0x08000276   0x08000276   0x00000006   Code   RO         7293    .ARM.Collect$$rtexit$$00000004  c_w.l(rtexit2.o)
    0x0800027c   0x0800027c   0x00000010   Code   RO         4607    .emb_text           sys.o
    0x0800028c   0x0800028c   0x00000040   Code   RO            4    .text               startup_stm32f40_41xxx.o
    0x080002cc   0x080002cc   0x00000002   Code   RO         6980    .text               c_w.l(use_no_semi_2.o)
    0x080002ce   0x080002ce   0x00000002   PAD
    0x080002d0   0x080002d0   0x00000018   Code   RO         6988    .text               c_w.l(__2printf.o)
    0x080002e8   0x080002e8   0x0000002c   Code   RO         6990    .text               c_w.l(__2sprintf.o)
    0x08000314   0x08000314   0x00000052   Code   RO         7000    .text               c_w.l(_printf_str.o)
    0x08000366   0x08000366   0x00000002   PAD
    0x08000368   0x08000368   0x00000078   Code   RO         7002    .text               c_w.l(_printf_dec.o)
    0x080003e0   0x080003e0   0x00000094   Code   RO         7022    .text               c_w.l(_printf_hex_int_ll_ptr.o)
    0x08000474   0x08000474   0x00000188   Code   RO         7042    .text               c_w.l(__printf_flags_ss_wp.o)
    0x080005fc   0x080005fc   0x0000003e   Code   RO         7055    .text               c_w.l(strlen.o)
    0x0800063a   0x0800063a   0x0000008a   Code   RO         7057    .text               c_w.l(rt_memcpy_v6.o)
    0x080006c4   0x080006c4   0x00000016   Code   RO         7059    .text               c_w.l(memset.o)
    0x080006da   0x080006da   0x00000044   Code   RO         7061    .text               c_w.l(rt_memclr.o)
    0x0800071e   0x0800071e   0x0000004e   Code   RO         7063    .text               c_w.l(rt_memclr_w.o)
    0x0800076c   0x0800076c   0x00000080   Code   RO         7065    .text               c_w.l(strcmpv7m.o)
    0x080007ec   0x080007ec   0x00000006   Code   RO         7070    .text               c_w.l(heapauxi.o)
    0x080007f2   0x080007f2   0x00000002   Code   RO         7074    .text               c_w.l(use_no_semi.o)
    0x080007f4   0x080007f4   0x000000b2   Code   RO         7085    .text               c_w.l(_printf_intcommon.o)
    0x080008a6   0x080008a6   0x00000002   PAD
    0x080008a8   0x080008a8   0x00000030   Code   RO         7089    .text               c_w.l(_printf_char_common.o)
    0x080008d8   0x080008d8   0x0000000a   Code   RO         7091    .text               c_w.l(_sputc.o)
    0x080008e2   0x080008e2   0x0000002c   Code   RO         7093    .text               c_w.l(_printf_char.o)
    0x0800090e   0x0800090e   0x00000002   PAD
    0x08000910   0x08000910   0x00000024   Code   RO         7095    .text               c_w.l(_printf_char_file.o)
    0x08000934   0x08000934   0x00000064   Code   RO         7128    .text               c_w.l(rt_memcpy_w.o)
    0x08000998   0x08000998   0x00000008   Code   RO         7170    .text               c_w.l(ferror.o)
    0x080009a0   0x080009a0   0x0000004a   Code   RO         7177    .text               c_w.l(sys_stackheap_outer.o)
    0x080009ea   0x080009ea   0x00000012   Code   RO         7217    .text               c_w.l(exit.o)
    0x080009fc   0x080009fc   0x00000008   Code   RO         7234    .text               c_w.l(libspace.o)
    0x08000a04   0x08000a04   0x00000084   Code   RO         6809    .text.M8266HostIf_SPI_DMA_StartReceiveSendData  M8266WIFIDrv_STM32F4xx.a(M8266WIFIDrv_STM32F4xx.o)
    0x08000a88   0x08000a88   0x000000f4   Code   RO         6940    .text.M8266HostIf_SPI_Select  M8266WIFIDrv_STM32F4xx.a(M8266WIFIDrv_STM32F4xx.o)
    0x08000b7c   0x08000b7c   0x00000044   Code   RO         6810    .text.M8266HostIf_SPI_rrs  M8266WIFIDrv_STM32F4xx.a(M8266WIFIDrv_STM32F4xx.o)
    0x08000bc0   0x08000bc0   0x00000070   Code   RO         6811    .text.M8266HostIf_SPI_wrs  M8266WIFIDrv_STM32F4xx.a(M8266WIFIDrv_STM32F4xx.o)
    0x08000c30   0x08000c30   0x0000001a   Code   RO         6856    .text.M8266WIFI_SPI_Config_STA_Param  M8266WIFIDrv_STM32F4xx.a(M8266WIFIDrv_STM32F4xx.o)
    0x08000c4a   0x08000c4a   0x0000001a   Code   RO         6906    .text.M8266WIFI_SPI_Config_Tcp_Window_num  M8266WIFIDrv_STM32F4xx.a(M8266WIFIDrv_STM32F4xx.o)
    0x08000c64   0x08000c64   0x00000018   Code   RO         6888    .text.M8266WIFI_SPI_Delete_Connection  M8266WIFIDrv_STM32F4xx.a(M8266WIFIDrv_STM32F4xx.o)
    0x08000c7c   0x08000c7c   0x000000ae   Code   RO         6939    .text.M8266WIFI_SPI_Get_Module_Info  M8266WIFIDrv_STM32F4xx.a(M8266WIFIDrv_STM32F4xx.o)
    0x08000d2a   0x08000d2a   0x00000070   Code   RO         6850    .text.M8266WIFI_SPI_Get_Opmode  M8266WIFIDrv_STM32F4xx.a(M8266WIFIDrv_STM32F4xx.o)
    0x08000d9a   0x08000d9a   0x0000007a   Code   RO         6852    .text.M8266WIFI_SPI_Get_STA_Connection_Status  M8266WIFIDrv_STM32F4xx.a(M8266WIFIDrv_STM32F4xx.o)
    0x08000e14   0x08000e14   0x00000092   Code   RO         6871    .text.M8266WIFI_SPI_Get_STA_IP_Addr  M8266WIFIDrv_STM32F4xx.a(M8266WIFIDrv_STM32F4xx.o)
    0x08000ea6   0x08000ea6   0x0000001c   Code   RO         6837    .text.M8266WIFI_SPI_Has_DataReceived  M8266WIFIDrv_STM32F4xx.a(M8266WIFIDrv_STM32F4xx.o)
    0x08000ec2   0x08000ec2   0x00000002   PAD
    0x08000ec4   0x08000ec4   0x00000054   Code   RO         6816    .text.M8266WIFI_SPI_Interface_Communication_OK  M8266WIFIDrv_STM32F4xx.a(M8266WIFIDrv_STM32F4xx.o)
    0x08000f18   0x08000f18   0x00000072   Code   RO         6817    .text.M8266WIFI_SPI_Interface_Communication_Stress_Test  M8266WIFIDrv_STM32F4xx.a(M8266WIFIDrv_STM32F4xx.o)
    0x08000f8a   0x08000f8a   0x000000f4   Code   RO         6886    .text.M8266WIFI_SPI_Query_Connection  M8266WIFIDrv_STM32F4xx.a(M8266WIFIDrv_STM32F4xx.o)
    0x0800107e   0x0800107e   0x0000007e   Code   RO         6903    .text.M8266WIFI_SPI_Query_Tcp_Mss  M8266WIFIDrv_STM32F4xx.a(M8266WIFIDrv_STM32F4xx.o)
    0x080010fc   0x080010fc   0x0000001c   Code   RO         6904    .text.M8266WIFI_SPI_Query_Tcp_Window_num  M8266WIFIDrv_STM32F4xx.a(M8266WIFIDrv_STM32F4xx.o)
    0x08001118   0x08001118   0x00000250   Code   RO         6846    .text.M8266WIFI_SPI_Recv  M8266WIFIDrv_STM32F4xx.a(M8266WIFIDrv_STM32F4xx.o)
    0x08001368   0x08001368   0x0000001e   Code   RO         6847    .text.M8266WIFI_SPI_RecvData  M8266WIFIDrv_STM32F4xx.a(M8266WIFIDrv_STM32F4xx.o)
    0x08001386   0x08001386   0x00000002   PAD
    0x08001388   0x08001388   0x00000268   Code   RO         6861    .text.M8266WIFI_SPI_STA_Connect_Ap  M8266WIFIDrv_STM32F4xx.a(M8266WIFIDrv_STM32F4xx.o)
    0x080015f0   0x080015f0   0x000001f0   Code   RO         6859    .text.M8266WIFI_SPI_STA_Connect_Ap_Old  M8266WIFIDrv_STM32F4xx.a(M8266WIFIDrv_STM32F4xx.o)
    0x080017e0   0x080017e0   0x00000084   Code   RO         6860    .text.M8266WIFI_SPI_STA_DisConnect_Ap  M8266WIFIDrv_STM32F4xx.a(M8266WIFIDrv_STM32F4xx.o)
    0x08001864   0x08001864   0x0000015c   Code   RO         6875    .text.M8266WIFI_SPI_STA_Get_HostIP_by_HostName  M8266WIFIDrv_STM32F4xx.a(M8266WIFIDrv_STM32F4xx.o)
    0x080019c0   0x080019c0   0x000000ac   Code   RO         6872    .text.M8266WIFI_SPI_STA_Query_Current_SSID_And_RSSI  M8266WIFIDrv_STM32F4xx.a(M8266WIFIDrv_STM32F4xx.o)
    0x08001a6c   0x08001a6c   0x0000014c   Code   RO         6905    .text.M8266WIFI_SPI_Send_BlockData  M8266WIFIDrv_STM32F4xx.a(M8266WIFIDrv_STM32F4xx.o)
    0x08001bb8   0x08001bb8   0x0000009c   Code   RO         6851    .text.M8266WIFI_SPI_Set_Opmode  M8266WIFIDrv_STM32F4xx.a(M8266WIFIDrv_STM32F4xx.o)
    0x08001c54   0x08001c54   0x00000264   Code   RO         6891    .text.M8266WIFI_SPI_Setup_Connection  M8266WIFIDrv_STM32F4xx.a(M8266WIFIDrv_STM32F4xx.o)
    0x08001eb8   0x08001eb8   0x0000001c   Code   RO         6829    .text.M8266WIFI_SPI_Slave_Has_Response  M8266WIFIDrv_STM32F4xx.a(M8266WIFIDrv_STM32F4xx.o)
    0x08001ed4   0x08001ed4   0x0000001a   Code   RO         6838    .text.M8266WIFI_SPI_Status_Start_To_Rxd_Has_Been_Cleared  M8266WIFIDrv_STM32F4xx.a(M8266WIFIDrv_STM32F4xx.o)
    0x08001eee   0x08001eee   0x0000001c   Code   RO         6826    .text.M8266WIFI_SPI_TxdBuffer_Free  M8266WIFIDrv_STM32F4xx.a(M8266WIFIDrv_STM32F4xx.o)
    0x08001f0a   0x08001f0a   0x00000002   PAD
    0x08001f0c   0x08001f0c   0x0000011c   Code   RO         6855    .text.M8266WIFI_SPI_capstp  M8266WIFIDrv_STM32F4xx.a(M8266WIFIDrv_STM32F4xx.o)
    0x08002028   0x08002028   0x00000056   Code   RO         6821    .text.M8266WIFI_SPI_csb  M8266WIFIDrv_STM32F4xx.a(M8266WIFIDrv_STM32F4xx.o)
    0x0800207e   0x0800207e   0x00000002   PAD
    0x08002080   0x08002080   0x000000e0   Code   RO         6895    .text.M8266WIFI_SPI_ctpsp  M8266WIFIDrv_STM32F4xx.a(M8266WIFIDrv_STM32F4xx.o)
    0x08002160   0x08002160   0x00000196   Code   RO         6887    .text.M8266WIFI_SPI_dlodc  M8266WIFIDrv_STM32F4xx.a(M8266WIFIDrv_STM32F4xx.o)
    0x080022f6   0x080022f6   0x0000010c   Code   RO         6885    .text.M8266WIFI_SPI_qacal  M8266WIFIDrv_STM32F4xx.a(M8266WIFIDrv_STM32F4xx.o)
    0x08002402   0x08002402   0x00000002   PAD
    0x08002404   0x08002404   0x00000114   Code   RO         6894    .text.M8266WIFI_SPI_qtpsp  M8266WIFIDrv_STM32F4xx.a(M8266WIFIDrv_STM32F4xx.o)
    0x08002518   0x08002518   0x0000001e   Code   RO         6813    .text.M8266WIFI_SPI_rra  M8266WIFIDrv_STM32F4xx.a(M8266WIFIDrv_STM32F4xx.o)
    0x08002536   0x08002536   0x0000003e   Code   RO         6840    .text.M8266WIFI_SPI_rru  M8266WIFIDrv_STM32F4xx.a(M8266WIFIDrv_STM32F4xx.o)
    0x08002574   0x08002574   0x00000050   Code   RO         6841    .text.M8266WIFI_SPI_rrud  M8266WIFIDrv_STM32F4xx.a(M8266WIFIDrv_STM32F4xx.o)
    0x080025c4   0x080025c4   0x00000020   Code   RO         6818    .text.M8266WIFI_SPI_sbis  M8266WIFIDrv_STM32F4xx.a(M8266WIFIDrv_STM32F4xx.o)
    0x080025e4   0x080025e4   0x000002c4   Code   RO         6876    .text.M8266WIFI_SPI_sdfal  M8266WIFIDrv_STM32F4xx.a(M8266WIFIDrv_STM32F4xx.o)
    0x080028a8   0x080028a8   0x00000114   Code   RO         6874    .text.M8266WIFI_SPI_sptdt  M8266WIFIDrv_STM32F4xx.a(M8266WIFIDrv_STM32F4xx.o)
    0x080029bc   0x080029bc   0x00000184   Code   RO         6845    .text.M8266WIFI_SPI_srh  M8266WIFIDrv_STM32F4xx.a(M8266WIFIDrv_STM32F4xx.o)
    0x08002b40   0x08002b40   0x00000020   Code   RO         6812    .text.M8266WIFI_SPI_ssa  M8266WIFIDrv_STM32F4xx.a(M8266WIFIDrv_STM32F4xx.o)
    0x08002b60   0x08002b60   0x00000082   Code   RO         6819    .text.M8266WIFI_SPI_ssb  M8266WIFIDrv_STM32F4xx.a(M8266WIFIDrv_STM32F4xx.o)
    0x08002be2   0x08002be2   0x00000002   PAD
    0x08002be4   0x08002be4   0x000000cc   Code   RO         6924    .text.M8266WIFI_SPI_ssmd  M8266WIFIDrv_STM32F4xx.a(M8266WIFIDrv_STM32F4xx.o)
    0x08002cb0   0x08002cb0   0x000001c8   Code   RO         6873    .text.M8266WIFI_SPI_sstso  M8266WIFIDrv_STM32F4xx.a(M8266WIFIDrv_STM32F4xx.o)
    0x08002e78   0x08002e78   0x00000068   Code   RO         6831    .text.M8266WIFI_SPI_ssu  M8266WIFIDrv_STM32F4xx.a(M8266WIFIDrv_STM32F4xx.o)
    0x08002ee0   0x08002ee0   0x00000044   Code   RO         6833    .text.M8266WIFI_SPI_ssud  M8266WIFIDrv_STM32F4xx.a(M8266WIFIDrv_STM32F4xx.o)
    0x08002f24   0x08002f24   0x00000068   Code   RO         6832    .text.M8266WIFI_SPI_ssut  M8266WIFIDrv_STM32F4xx.a(M8266WIFIDrv_STM32F4xx.o)
    0x08002f8c   0x08002f8c   0x0000001c   Code   RO         6828    .text.M8266WIFI_SPI_tufs  M8266WIFIDrv_STM32F4xx.a(M8266WIFIDrv_STM32F4xx.o)
    0x08002fa8   0x08002fa8   0x0000003a   Code   RO         6823    .text.M8266WIFI_SPI_wsbsbs1  M8266WIFIDrv_STM32F4xx.a(M8266WIFIDrv_STM32F4xx.o)
    0x08002fe2   0x08002fe2   0x0000003e   Code   RO         6834    .text.M8266WIFI_SPI_wscbf  M8266WIFIDrv_STM32F4xx.a(M8266WIFIDrv_STM32F4xx.o)
    0x08003020   0x08003020   0x00000050   Code   RO         6844    .text.M8266WIFI_SPI_wscr  M8266WIFIDrv_STM32F4xx.a(M8266WIFIDrv_STM32F4xx.o)
    0x08003070   0x08003070   0x0000004c   Code   RO         6839    .text.M8266WIFI_SPI_wspsr  M8266WIFIDrv_STM32F4xx.a(M8266WIFIDrv_STM32F4xx.o)
    0x080030bc   0x080030bc   0x0000004c   Code   RO         6825    .text.M8266WIFI_SPI_wspss  M8266WIFIDrv_STM32F4xx.a(M8266WIFIDrv_STM32F4xx.o)
    0x08003108   0x08003108   0x0000003c   Code   RO         6843    .text.M8266WIFI_SPI_wsscbhud  M8266WIFIDrv_STM32F4xx.a(M8266WIFIDrv_STM32F4xx.o)
    0x08003144   0x08003144   0x0000004a   Code   RO         6842    .text.M8266WIFI_SPI_wsscrhd  M8266WIFIDrv_STM32F4xx.a(M8266WIFIDrv_STM32F4xx.o)
    0x0800318e   0x0800318e   0x0000003c   Code   RO         6836    .text.M8266WIFI_Wait_SPI_sfad  M8266WIFIDrv_STM32F4xx.a(M8266WIFIDrv_STM32F4xx.o)
    0x080031ca   0x080031ca   0x0000005a   Code   RO         6814    .text.fvcp          M8266WIFIDrv_STM32F4xx.a(M8266WIFIDrv_STM32F4xx.o)
    0x08003224   0x08003224   0x00000034   Code   RO         6815    .text.fvdnstap      M8266WIFIDrv_STM32F4xx.a(M8266WIFIDrv_STM32F4xx.o)
    0x08003258   0x08003258   0x00000004   Code   RO          231    i.BusFault_Handler  stm32f4xx_it.o
    0x0800325c   0x0800325c   0x00000030   Code   RO         4898    i.CmdError          sdio_sdcard.o
    0x0800328c   0x0800328c   0x00000064   Code   RO         4899    i.CmdResp1Error     sdio_sdcard.o
    0x080032f0   0x080032f0   0x00000054   Code   RO         4900    i.CmdResp2Error     sdio_sdcard.o
    0x08003344   0x08003344   0x00000038   Code   RO         4901    i.CmdResp3Error     sdio_sdcard.o
    0x0800337c   0x0800337c   0x00000094   Code   RO         4902    i.CmdResp6Error     sdio_sdcard.o
    0x08003410   0x08003410   0x0000004c   Code   RO         4903    i.CmdResp7Error     sdio_sdcard.o
    0x0800345c   0x0800345c   0x0000002c   Code   RO         5365    i.DMA1_Stream3_IRQHandler  i2s.o
    0x08003488   0x08003488   0x0000002c   Code   RO         5366    i.DMA1_Stream4_IRQHandler  i2s.o
    0x080034b4   0x080034b4   0x00000034   Code   RO         6375    i.DMA2_Stream7_IRQHandler  ussend.o
    0x080034e8   0x080034e8   0x00000034   Code   RO         1453    i.DMA_ClearITPendingBit  stm32f4xx_dma.o
    0x0800351c   0x0800351c   0x00000016   Code   RO         1454    i.DMA_Cmd           stm32f4xx_dma.o
    0x08003532   0x08003532   0x00000002   PAD
    0x08003534   0x08003534   0x00000158   Code   RO         1455    i.DMA_DeInit        stm32f4xx_dma.o
    0x0800368c   0x0800368c   0x00000016   Code   RO         1456    i.DMA_DoubleBufferModeCmd  stm32f4xx_dma.o
    0x080036a2   0x080036a2   0x00000018   Code   RO         1457    i.DMA_DoubleBufferModeConfig  stm32f4xx_dma.o
    0x080036ba   0x080036ba   0x00000016   Code   RO         1458    i.DMA_FlowControllerConfig  stm32f4xx_dma.o
    0x080036d0   0x080036d0   0x00000014   Code   RO         1459    i.DMA_GetCmdStatus  stm32f4xx_dma.o
    0x080036e4   0x080036e4   0x00000064   Code   RO         1464    i.DMA_GetITStatus   stm32f4xx_dma.o
    0x08003748   0x08003748   0x0000003a   Code   RO         1465    i.DMA_ITConfig      stm32f4xx_dma.o
    0x08003782   0x08003782   0x00000002   PAD
    0x08003784   0x08003784   0x00000058   Code   RO         1466    i.DMA_Init          stm32f4xx_dma.o
    0x080037dc   0x080037dc   0x00000002   Code   RO          232    i.DebugMon_Handler  stm32f4xx_it.o
    0x080037de   0x080037de   0x00000002   PAD
    0x080037e0   0x080037e0   0x00000034   Code   RO         5645    i.EXTI15_10_IRQHandler  exti.o
    0x08003814   0x08003814   0x00000050   Code   RO         5646    i.EXTIX_Init        exti.o
    0x08003864   0x08003864   0x0000000c   Code   RO         1581    i.EXTI_ClearITPendingBit  stm32f4xx_exti.o
    0x08003870   0x08003870   0x00000094   Code   RO         1586    i.EXTI_Init         stm32f4xx_exti.o
    0x08003904   0x08003904   0x00000194   Code   RO         4904    i.FindSCR           sdio_sdcard.o
    0x08003a98   0x08003a98   0x00000090   Code   RO         2028    i.GPIO_Init         stm32f4xx_gpio.o
    0x08003b28   0x08003b28   0x00000046   Code   RO         2029    i.GPIO_PinAFConfig  stm32f4xx_gpio.o
    0x08003b6e   0x08003b6e   0x00000004   Code   RO         2035    i.GPIO_ResetBits    stm32f4xx_gpio.o
    0x08003b72   0x08003b72   0x00000004   Code   RO         2036    i.GPIO_SetBits      stm32f4xx_gpio.o
    0x08003b76   0x08003b76   0x00000004   Code   RO          233    i.HardFault_Handler  stm32f4xx_it.o
    0x08003b7a   0x08003b7a   0x00000002   PAD
    0x08003b7c   0x08003b7c   0x00000068   Code   RO         5367    i.I2S2_Init         i2s.o
    0x08003be4   0x08003be4   0x000000b0   Code   RO         5368    i.I2S2_TX_DMA_Init  i2s.o
    0x08003c94   0x08003c94   0x00000050   Code   RO         5369    i.I2S2ext_Init      i2s.o
    0x08003ce4   0x08003ce4   0x000000b0   Code   RO         5370    i.I2S2ext_RX_DMA_Init  i2s.o
    0x08003d94   0x08003d94   0x00000018   Code   RO         3575    i.I2S_Cmd           stm32f4xx_spi.o
    0x08003dac   0x08003dac   0x00000050   Code   RO         3576    i.I2S_FullDuplexConfig  stm32f4xx_spi.o
    0x08003dfc   0x08003dfc   0x00000198   Code   RO         3577    i.I2S_Init          stm32f4xx_spi.o
    0x08003f94   0x08003f94   0x00000010   Code   RO         5371    i.I2S_Play_Start    i2s.o
    0x08003fa4   0x08003fa4   0x00000010   Code   RO         5373    i.I2S_Rec_Start     i2s.o
    0x08003fb4   0x08003fb4   0x0000004c   Code   RO         5448    i.IIC_Init          myiic.o
    0x08004000   0x08004000   0x00000068   Code   RO         5451    i.IIC_Send_Byte     myiic.o
    0x08004068   0x08004068   0x0000004c   Code   RO         5452    i.IIC_Start         myiic.o
    0x080040b4   0x080040b4   0x0000004c   Code   RO         5453    i.IIC_Stop          myiic.o
    0x08004100   0x08004100   0x00000060   Code   RO         5454    i.IIC_Wait_Ack      myiic.o
    0x08004160   0x08004160   0x000000a0   Code   RO         4905    i.IsCardProgramming  sdio_sdcard.o
    0x08004200   0x08004200   0x000000ac   Code   RO         4846    i.LED_Init          led.o
    0x080042ac   0x080042ac   0x00000070   Code   RO         6554    i.M8266HostIf_GPIO_CS_RESET_Init  m8266hostif_stm32xx.o
    0x0800431c   0x0800431c   0x0000000c   Code   RO         6555    i.M8266HostIf_Init  m8266hostif_stm32xx.o
    0x08004328   0x08004328   0x000000bc   Code   RO         6556    i.M8266HostIf_SPI_Init  m8266hostif_stm32xx.o
    0x080043e4   0x080043e4   0x00000028   Code   RO         6558    i.M8266HostIf_SPI_SetSpeed  m8266hostif_stm32xx.o
    0x0800440c   0x0800440c   0x00000018   Code   RO         6559    i.M8266HostIf_Set_SPI_nCS_Pin  m8266hostif_stm32xx.o
    0x08004424   0x08004424   0x00000018   Code   RO         6560    i.M8266HostIf_Set_nRESET_Pin  m8266hostif_stm32xx.o
    0x0800443c   0x0800443c   0x0000000c   Code   RO         6561    i.M8266HostIf_delay_us  m8266hostif_stm32xx.o
    0x08004448   0x08004448   0x00000038   Code   RO         6626    i.M8266WIFI_Module_Hardware_Reset  m8266wifi_ops.o
    0x08004480   0x08004480   0x0000012c   Code   RO         6627    i.M8266WIFI_Module_Init_Via_SPI  m8266wifi_ops.o
    0x080045ac   0x080045ac   0x00000024   Code   RO         6628    i.M8266WIFI_Module_delay_ms  m8266wifi_ops.o
    0x080045d0   0x080045d0   0x00000050   Code   RO         6629    i.M8266WIFI_SPI_wait_sta_connecting_to_ap_and_get_ip  m8266wifi_ops.o
    0x08004620   0x08004620   0x00000044   Code   RO         6696    i.M8266WIFI_SetMod  test_m8266wifi.o
    0x08004664   0x08004664   0x00000080   Code   RO         6697    i.M8266WIFI_SetSocket  test_m8266wifi.o
    0x080046e4   0x080046e4   0x00000088   Code   RO         6698    i.M8266WIFI_Tans    test_m8266wifi.o
    0x0800476c   0x0800476c   0x00000004   Code   RO          234    i.MemManage_Handler  stm32f4xx_it.o
    0x08004770   0x08004770   0x00000002   Code   RO          235    i.NMI_Handler       stm32f4xx_it.o
    0x08004772   0x08004772   0x00000002   PAD
    0x08004774   0x08004774   0x00000078   Code   RO          443    i.NVIC_Init         misc.o
    0x080047ec   0x080047ec   0x00000014   Code   RO          444    i.NVIC_PriorityGroupConfig  misc.o
    0x08004800   0x08004800   0x00000002   Code   RO          236    i.PendSV_Handler    stm32f4xx_it.o
    0x08004802   0x08004802   0x00000002   PAD
    0x08004804   0x08004804   0x00000020   Code   RO         2631    i.RCC_AHB1PeriphClockCmd  stm32f4xx_rcc.o
    0x08004824   0x08004824   0x00000020   Code   RO         2640    i.RCC_APB1PeriphClockCmd  stm32f4xx_rcc.o
    0x08004844   0x08004844   0x00000020   Code   RO         2642    i.RCC_APB1PeriphResetCmd  stm32f4xx_rcc.o
    0x08004864   0x08004864   0x00000020   Code   RO         2643    i.RCC_APB2PeriphClockCmd  stm32f4xx_rcc.o
    0x08004884   0x08004884   0x00000020   Code   RO         2645    i.RCC_APB2PeriphResetCmd  stm32f4xx_rcc.o
    0x080048a4   0x080048a4   0x000000e8   Code   RO         2652    i.RCC_GetClocksFreq  stm32f4xx_rcc.o
    0x0800498c   0x0800498c   0x000000ac   Code   RO         4906    i.SDEnWideBus       sdio_sdcard.o
    0x08004a38   0x08004a38   0x0000000c   Code   RO         3382    i.SDIO_ClearFlag    stm32f4xx_sdio.o
    0x08004a44   0x08004a44   0x00000014   Code   RO         4907    i.SDIO_Clock_Set    sdio_sdcard.o
    0x08004a58   0x08004a58   0x00000034   Code   RO         3388    i.SDIO_DataConfig   stm32f4xx_sdio.o
    0x08004a8c   0x08004a8c   0x00000018   Code   RO         3394    i.SDIO_GetFlagStatus  stm32f4xx_sdio.o
    0x08004aa4   0x08004aa4   0x00000010   Code   RO         3396    i.SDIO_GetPowerState  stm32f4xx_sdio.o
    0x08004ab4   0x08004ab4   0x00000008   Code   RO         4908    i.SDIO_IRQHandler   sdio_sdcard.o
    0x08004abc   0x08004abc   0x00000030   Code   RO         3399    i.SDIO_Init         stm32f4xx_sdio.o
    0x08004aec   0x08004aec   0x00000038   Code   RO         4909    i.SDIO_Register_Deinit  sdio_sdcard.o
    0x08004b24   0x08004b24   0x0000002c   Code   RO         3402    i.SDIO_SendCommand  stm32f4xx_sdio.o
    0x08004b50   0x08004b50   0x0000000c   Code   RO         3404    i.SDIO_SetPowerState  stm32f4xx_sdio.o
    0x08004b5c   0x08004b5c   0x00000080   Code   RO         4910    i.SD_DMA_Config     sdio_sdcard.o
    0x08004bdc   0x08004bdc   0x00000068   Code   RO         4911    i.SD_EnableWideBusOperation  sdio_sdcard.o
    0x08004c44   0x08004c44   0x00000314   Code   RO         4912    i.SD_GetCardInfo    sdio_sdcard.o
    0x08004f58   0x08004f58   0x0000001a   Code   RO         4913    i.SD_GetState       sdio_sdcard.o
    0x08004f72   0x08004f72   0x00000002   PAD
    0x08004f74   0x08004f74   0x00000130   Code   RO         4914    i.SD_Init           sdio_sdcard.o
    0x080050a4   0x080050a4   0x00000164   Code   RO         4915    i.SD_InitializeCards  sdio_sdcard.o
    0x08005208   0x08005208   0x000001e4   Code   RO         4917    i.SD_PowerON        sdio_sdcard.o
    0x080053ec   0x080053ec   0x00000154   Code   RO         4918    i.SD_ProcessIRQSrc  sdio_sdcard.o
    0x08005540   0x08005540   0x00000268   Code   RO         4919    i.SD_ReadBlock      sdio_sdcard.o
    0x080057a8   0x080057a8   0x00000098   Code   RO         4920    i.SD_ReadDisk       sdio_sdcard.o
    0x08005840   0x08005840   0x000002f4   Code   RO         4921    i.SD_ReadMultiBlocks  sdio_sdcard.o
    0x08005b34   0x08005b34   0x00000030   Code   RO         4922    i.SD_SelectDeselect  sdio_sdcard.o
    0x08005b64   0x08005b64   0x00000054   Code   RO         4923    i.SD_SendStatus     sdio_sdcard.o
    0x08005bb8   0x08005bb8   0x00000018   Code   RO         4924    i.SD_SetDeviceMode  sdio_sdcard.o
    0x08005bd0   0x08005bd0   0x00000388   Code   RO         4925    i.SD_WriteBlock     sdio_sdcard.o
    0x08005f58   0x08005f58   0x00000098   Code   RO         4926    i.SD_WriteDisk      sdio_sdcard.o
    0x08005ff0   0x08005ff0   0x000003d0   Code   RO         4927    i.SD_WriteMultiBlocks  sdio_sdcard.o
    0x080063c0   0x080063c0   0x00000018   Code   RO         3581    i.SPI_Cmd           stm32f4xx_spi.o
    0x080063d8   0x080063d8   0x00000012   Code   RO         3587    i.SPI_I2S_DMACmd    stm32f4xx_spi.o
    0x080063ea   0x080063ea   0x0000003c   Code   RO         3594    i.SPI_Init          stm32f4xx_spi.o
    0x08006426   0x08006426   0x00000002   Code   RO          237    i.SVC_Handler       stm32f4xx_it.o
    0x08006428   0x08006428   0x00000040   Code   RO         4554    i.SYSCFG_EXTILineConfig  stm32f4xx_syscfg.o
    0x08006468   0x08006468   0x000000b0   Code   RO         4608    i.SYS_Init          sys.o
    0x08006518   0x08006518   0x00000124   Code   RO          406    i.SetSysClock       system_stm32f4xx.o
    0x0800663c   0x0800663c   0x00000028   Code   RO          447    i.SysTick_CLKSourceConfig  misc.o
    0x08006664   0x08006664   0x00000002   Code   RO          238    i.SysTick_Handler   stm32f4xx_it.o
    0x08006666   0x08006666   0x00000002   PAD
    0x08006668   0x08006668   0x00000068   Code   RO          408    i.SystemInit        system_stm32f4xx.o
    0x080066d0   0x080066d0   0x0000002c   Code   RO         5322    i.TIM5_IRQHandler   timer.o
    0x080066fc   0x080066fc   0x0000005c   Code   RO         5323    i.TIM5_Int_Init     timer.o
    0x08006758   0x08006758   0x00000034   Code   RO         5324    i.TIM7_IRQHandler   timer.o
    0x0800678c   0x0800678c   0x00000006   Code   RO         3750    i.TIM_ClearITPendingBit  stm32f4xx_tim.o
    0x08006792   0x08006792   0x00000018   Code   RO         3755    i.TIM_Cmd           stm32f4xx_tim.o
    0x080067aa   0x080067aa   0x00000022   Code   RO         3776    i.TIM_GetITStatus   stm32f4xx_tim.o
    0x080067cc   0x080067cc   0x00000012   Code   RO         3780    i.TIM_ITConfig      stm32f4xx_tim.o
    0x080067de   0x080067de   0x00000004   Code   RO         3821    i.TIM_SetCounter    stm32f4xx_tim.o
    0x080067e2   0x080067e2   0x00000002   PAD
    0x080067e4   0x080067e4   0x00000084   Code   RO         3827    i.TIM_TimeBaseInit  stm32f4xx_tim.o
    0x08006868   0x08006868   0x00000074   Code   RO         5157    i.UART4_IRQHandler  4g_uart.o
    0x080068dc   0x080068dc   0x00000088   Code   RO         4609    i.USART1_IRQHandler  sys.o
    0x08006964   0x08006964   0x00000018   Code   RO         4305    i.USART_Cmd         stm32f4xx_usart.o
    0x0800697c   0x0800697c   0x00000054   Code   RO         4309    i.USART_GetITStatus  stm32f4xx_usart.o
    0x080069d0   0x080069d0   0x0000004a   Code   RO         4311    i.USART_ITConfig    stm32f4xx_usart.o
    0x08006a1a   0x08006a1a   0x00000002   PAD
    0x08006a1c   0x08006a1c   0x000000d4   Code   RO         4312    i.USART_Init        stm32f4xx_usart.o
    0x08006af0   0x08006af0   0x0000000a   Code   RO         4319    i.USART_ReceiveData  stm32f4xx_usart.o
    0x08006afa   0x08006afa   0x00000004   Code   RO          239    i.UsageFault_Handler  stm32f4xx_it.o
    0x08006afe   0x08006afe   0x00000040   Code   RO         5513    i.WM8978_ADDA_Cfg   wm8978.o
    0x08006b3e   0x08006b3e   0x00000036   Code   RO         5514    i.WM8978_AUX_Gain   wm8978.o
    0x08006b74   0x08006b74   0x0000001c   Code   RO         5522    i.WM8978_I2S_Cfg    wm8978.o
    0x08006b90   0x08006b90   0x000000fc   Code   RO         5523    i.WM8978_Init       wm8978.o
    0x08006c8c   0x08006c8c   0x00000066   Code   RO         5524    i.WM8978_Input_Cfg  wm8978.o
    0x08006cf2   0x08006cf2   0x00000036   Code   RO         5525    i.WM8978_LINEIN_Gain  wm8978.o
    0x08006d28   0x08006d28   0x0000001c   Code   RO         5526    i.WM8978_MIC_Gain   wm8978.o
    0x08006d44   0x08006d44   0x0000002a   Code   RO         5527    i.WM8978_Output_Cfg  wm8978.o
    0x08006d6e   0x08006d6e   0x00000002   PAD
    0x08006d70   0x08006d70   0x00000010   Code   RO         5528    i.WM8978_Read_Reg   wm8978.o
    0x08006d80   0x08006d80   0x00000022   Code   RO         5529    i.WM8978_SPKvol_Set  wm8978.o
    0x08006da2   0x08006da2   0x00000002   PAD
    0x08006da4   0x08006da4   0x00000054   Code   RO         5530    i.WM8978_Write_Reg  wm8978.o
    0x08006df8   0x08006df8   0x0000000e   Code   RO         7035    i._is_digit         c_w.l(__printf_wp.o)
    0x08006e06   0x08006e06   0x00000004   Code   RO         4610    i._sys_exit         sys.o
    0x08006e0a   0x08006e0a   0x00000002   PAD
    0x08006e0c   0x08006e0c   0x0000009c   Code   RO         5808    i.check_fs          ff.o
    0x08006ea8   0x08006ea8   0x0000001a   Code   RO         5811    i.clst2sect         ff.o
    0x08006ec2   0x08006ec2   0x00000012   Code   RO         4928    i.convert_from_bytes_to_power_of_two  sdio_sdcard.o
    0x08006ed4   0x08006ed4   0x0000001a   Code   RO         4611    i.delay_ms          sys.o
    0x08006eee   0x08006eee   0x00000002   PAD
    0x08006ef0   0x08006ef0   0x00000048   Code   RO         4612    i.delay_us          sys.o
    0x08006f38   0x08006f38   0x00000014   Code   RO         5758    i.disk_initialize   diskio.o
    0x08006f4c   0x08006f4c   0x00000050   Code   RO         5760    i.disk_read         diskio.o
    0x08006f9c   0x08006f9c   0x00000016   Code   RO         5761    i.disk_status       diskio.o
    0x08006fb2   0x08006fb2   0x00000040   Code   RO         5762    i.disk_write        diskio.o
    0x08006ff2   0x08006ff2   0x00000002   PAD
    0x08006ff4   0x08006ff4   0x00000054   Code   RO         5834    i.f_mount           ff.o
    0x08007048   0x08007048   0x00000084   Code   RO         4772    i.fatfs_init        fatfs.o
    0x080070cc   0x080070cc   0x000004cc   Code   RO         5852    i.find_volume       ff.o
    0x08007598   0x08007598   0x0000001c   Code   RO         4613    i.fputc             sys.o
    0x080075b4   0x080075b4   0x0000004e   Code   RO         5857    i.get_ldnumber      ff.o
    0x08007602   0x08007602   0x00000018   Code   RO         5861    i.ld_dword          ff.o
    0x0800761a   0x0800761a   0x00000062   Code   RO         5862    i.ld_qword          ff.o
    0x0800767c   0x0800767c   0x0000000c   Code   RO         5863    i.ld_word           ff.o
    0x08007688   0x08007688   0x000000f8   Code   RO           12    i.main              main.o
    0x08007780   0x08007780   0x00000024   Code   RO         5866    i.mem_cmp           ff.o
    0x080077a4   0x080077a4   0x00000034   Code   RO         5869    i.move_window       ff.o
    0x080077d8   0x080077d8   0x0000006c   Code   RO         4684    i.my_mem_free       malloc.o
    0x08007844   0x08007844   0x00000044   Code   RO         4685    i.my_mem_init       malloc.o
    0x08007888   0x08007888   0x000000a8   Code   RO         4686    i.my_mem_malloc     malloc.o
    0x08007930   0x08007930   0x00000040   Code   RO         4687    i.my_mem_perused    malloc.o
    0x08007970   0x08007970   0x00000024   Code   RO         4688    i.myfree            malloc.o
    0x08007994   0x08007994   0x00000028   Code   RO         4689    i.mymalloc          malloc.o
    0x080079bc   0x080079bc   0x00000014   Code   RO         4691    i.mymemset          malloc.o
    0x080079d0   0x080079d0   0x000000a0   Code   RO         6320    i.rec_i2s_dma_rx_callback  recorder.o
    0x08007a70   0x08007a70   0x0000009c   Code   RO         6321    i.recoder_enter_rec_mode  recorder.o
    0x08007b0c   0x08007b0c   0x0000004a   Code   RO         5885    i.sync_window       ff.o
    0x08007b56   0x08007b56   0x00000002   PAD
    0x08007b58   0x08007b58   0x000000ac   Code   RO         4614    i.uart_init         sys.o
    0x08007c04   0x08007c04   0x00000170   Code   RO         6324    i.wav_recorder      recorder.o
    0x08007d74   0x08007d74   0x0000000a   Code   RO         7303    x$fpl$fpinit        g_wm.l(fpinit.o)
    0x08007d7e   0x08007d7e   0x00000002   PAD
    0x08007d80   0x08007d80   0x00000024   Data   RO         4698    .constdata          malloc.o
    0x08007da4   0x08007da4   0x00000004   Data   RO         6325    .constdata          recorder.o
    0x08007da8   0x08007da8   0x00000028   Data   RO         7023    .constdata          c_w.l(_printf_hex_int_ll_ptr.o)
    0x08007dd0   0x08007dd0   0x00000011   Data   RO         7043    .constdata          c_w.l(__printf_flags_ss_wp.o)
    0x08007de1   0x08007de1   0x00000003   PAD
    0x08007de4   0x08007de4   0x0000000a   Data   RO         6942    .rodata             M8266WIFIDrv_STM32F4xx.a(M8266WIFIDrv_STM32F4xx.o)
    0x08007dee   0x08007dee   0x00000002   PAD
    0x08007df0   0x08007df0   0x00000008   Data   RO         6957    .rodata.M8266HostIf_SPI_Select.str1.4  M8266WIFIDrv_STM32F4xx.a(M8266WIFIDrv_STM32F4xx.o)
    0x08007df8   0x08007df8   0x00000008   Data   RO         6964    .rodata.M8266WIFI_SPI_Recv.str1.4  M8266WIFIDrv_STM32F4xx.a(M8266WIFIDrv_STM32F4xx.o)
    0x08007e00   0x08007e00   0x00000010   Data   RO         6965    .rodata.M8266WIFI_SPI_STA_Connect_Ap.str1.4  M8266WIFIDrv_STM32F4xx.a(M8266WIFIDrv_STM32F4xx.o)
    0x08007e10   0x08007e10   0x00000008   Data   RO         6966    .rodata.M8266WIFI_SPI_STA_Fetch_Last_Scanned_Signals.str1.4  M8266WIFIDrv_STM32F4xx.a(M8266WIFIDrv_STM32F4xx.o)
    0x08007e18   0x08007e18   0x00000008   Data   RO         6967    .rodata.M8266WIFI_SPI_STA_Get_HostIP_by_HostName.str1.4  M8266WIFIDrv_STM32F4xx.a(M8266WIFIDrv_STM32F4xx.o)
    0x08007e20   0x08007e20   0x00000008   Data   RO         6968    .rodata.M8266WIFI_SPI_Send_Udp_Data.str1.4  M8266WIFIDrv_STM32F4xx.a(M8266WIFIDrv_STM32F4xx.o)
    0x08007e28   0x08007e28   0x00000008   Data   RO         6970    .rodata.M8266WIFI_SPI_capstp.str1.4  M8266WIFIDrv_STM32F4xx.a(M8266WIFIDrv_STM32F4xx.o)
    0x08007e30   0x08007e30   0x00000008   Data   RO         6974    .rodata.M8266WIFI_SPI_srh.str1.4  M8266WIFIDrv_STM32F4xx.a(M8266WIFIDrv_STM32F4xx.o)
    0x08007e38   0x08007e38   0x00000010   Data   RO         6975    .rodata.M8266WIFI_SPI_sstso.str1.4  M8266WIFIDrv_STM32F4xx.a(M8266WIFIDrv_STM32F4xx.o)
    0x08007e48   0x08007e48   0x00000010   Data   RO         6976    .rodata.cpu_name    M8266WIFIDrv_STM32F4xx.a(M8266WIFIDrv_STM32F4xx.o)
    0x08007e58   0x08007e58   0x00000006   Data   RO         6977    .rodata.wr_status_test_data  M8266WIFIDrv_STM32F4xx.a(M8266WIFIDrv_STM32F4xx.o)
    0x08007e5e   0x08007e5e   0x00000002   PAD
    0x08007e60   0x08007e60   0x00000020   Data   RO         7357    Region$$Table       anon$$obj.o


    Execution Region RW_IRAM1 (Exec base: 0x20000000, Load base: 0x08007e80, Size: 0x0001c508, Max: 0x00020000, ABSOLUTE, COMPRESSED[0x00000070])

    Exec Addr    Load Addr    Size         Type   Attr      Idx    E Section Name        Object

    0x20000000   COMPRESSED   0x00000002   Data   RW           13    .data               main.o
    0x20000002   COMPRESSED   0x00000010   Data   RW         2684    .data               stm32f4xx_rcc.o
    0x20000012   COMPRESSED   0x00000002   PAD
    0x20000014   COMPRESSED   0x0000000a   Data   RW         4616    .data               sys.o
    0x2000001e   COMPRESSED   0x00000002   PAD
    0x20000020   COMPRESSED   0x00000024   Data   RW         4699    .data               malloc.o
    0x20000044   COMPRESSED   0x00000018   Data   RW         4778    .data               fatfs.o
    0x2000005c   COMPRESSED   0x00000010   Data   RW         4930    .data               sdio_sdcard.o
    0x2000006c   COMPRESSED   0x00000004   Data   RW         5162    .data               4g_uart.o
    0x20000070   COMPRESSED   0x00000008   Data   RW         5375    .data               i2s.o
    0x20000078   COMPRESSED   0x00000074   Data   RW         5531    .data               wm8978.o
    0x200000ec   COMPRESSED   0x00000001   Data   RW         5647    .data               exti.o
    0x200000ed   COMPRESSED   0x00000003   PAD
    0x200000f0   COMPRESSED   0x00000006   Data   RW         5892    .data               ff.o
    0x200000f6   COMPRESSED   0x00000002   PAD
    0x200000f8   COMPRESSED   0x00000015   Data   RW         6326    .data               recorder.o
    0x2000010d   COMPRESSED   0x00000001   PAD
    0x2000010e   COMPRESSED   0x00000004   Data   RW         6378    .data               ussend.o
    0x20000112   COMPRESSED   0x00000002   PAD
    0x20000114   COMPRESSED   0x00000011   Data   RW         6952    .data.module_fw_ver  M8266WIFIDrv_STM32F4xx.a(M8266WIFIDrv_STM32F4xx.o)
    0x20000125   COMPRESSED   0x00000001   Data   RW         6953    .data.need_get_tcp_mss.6271  M8266WIFIDrv_STM32F4xx.a(M8266WIFIDrv_STM32F4xx.o)
    0x20000126   COMPRESSED   0x00000001   Data   RW         6954    .data.need_get_tcp_wnd.6269  M8266WIFIDrv_STM32F4xx.a(M8266WIFIDrv_STM32F4xx.o)
    0x20000127   COMPRESSED   0x00000001   PAD
    0x20000128   COMPRESSED   0x00000002   Data   RW         6955    .data.tcp_packet_size.6272  M8266WIFIDrv_STM32F4xx.a(M8266WIFIDrv_STM32F4xx.o)
    0x2000012a   COMPRESSED   0x00000001   Data   RW         6956    .data.tcp_wnd_num.6270  M8266WIFIDrv_STM32F4xx.a(M8266WIFIDrv_STM32F4xx.o)
    0x2000012b   COMPRESSED   0x00000001   PAD
    0x2000012c        -       0x000000d8   Zero   RW         4615    .bss                sys.o
    0x20000204   COMPRESSED   0x0000001c   PAD
    0x20000220        -       0x0001a900   Zero   RW         4697    .bss                malloc.o
    0x2001ab20        -       0x000002c0   Zero   RW         4929    .bss                sdio_sdcard.o
    0x2001ade0        -       0x00001068   Zero   RW         5161    .bss                4g_uart.o
    0x2001be48        -       0x00000060   Zero   RW         7235    .bss                c_w.l(libspace.o)
    0x2001bea8        -       0x00000004   Zero   RW         6943    .bss.M8266WIFI_INTERFACE_SPI  M8266WIFIDrv_STM32F4xx.a(M8266WIFIDrv_STM32F4xx.o)
    0x2001beac        -       0x00000004   Zero   RW         6944    .bss.M8266WIFI_INTERFACE_SPI_RX_DMA  M8266WIFIDrv_STM32F4xx.a(M8266WIFIDrv_STM32F4xx.o)
    0x2001beb0        -       0x00000004   Zero   RW         6945    .bss.M8266WIFI_INTERFACE_SPI_RX_DMA_STREAM  M8266WIFIDrv_STM32F4xx.a(M8266WIFIDrv_STM32F4xx.o)
    0x2001beb4        -       0x00000004   Zero   RW         6946    .bss.M8266WIFI_INTERFACE_SPI_TX_DMA  M8266WIFIDrv_STM32F4xx.a(M8266WIFIDrv_STM32F4xx.o)
    0x2001beb8        -       0x00000004   Zero   RW         6947    .bss.M8266WIFI_INTERFACE_SPI_TX_DMA_STREAM  M8266WIFIDrv_STM32F4xx.a(M8266WIFIDrv_STM32F4xx.o)
    0x2001bebc        -       0x00000001   Zero   RW         6948    .bss.SPI_DATA_TRANSFER_USE_DMA  M8266WIFIDrv_STM32F4xx.a(M8266WIFIDrv_STM32F4xx.o)
    0x2001bebd   COMPRESSED   0x00000003   PAD
    0x2001bec0        -       0x00000044   Zero   RW         6949    .bss.dma_buf        M8266WIFIDrv_STM32F4xx.a(M8266WIFIDrv_STM32F4xx.o)
    0x2001bf04        -       0x00000002   Zero   RW         6950    .bss.saaddlpct      M8266WIFIDrv_STM32F4xx.a(M8266WIFIDrv_STM32F4xx.o)
    0x2001bf06        -       0x00000001   Zero   RW         6951    .bss.spi_write_need_additional_delay  M8266WIFIDrv_STM32F4xx.a(M8266WIFIDrv_STM32F4xx.o)
    0x2001bf07   COMPRESSED   0x00000001   PAD
    0x2001bf08        -       0x00000200   Zero   RW            2    HEAP                startup_stm32f40_41xxx.o
    0x2001c108        -       0x00000400   Zero   RW            1    STACK               startup_stm32f40_41xxx.o



  Load Region LR$$.ARM.__AT_0x10000000 (Base: 0x10000000, Size: 0x00000000, Max: 0x0000f000, ABSOLUTE)

    Execution Region ER$$.ARM.__AT_0x10000000 (Exec base: 0x10000000, Load base: 0x10000000, Size: 0x0000f000, Max: 0x0000f000, ABSOLUTE, UNINIT)

    Exec Addr    Load Addr    Size         Type   Attr      Idx    E Section Name        Object

    0x10000000        -       0x0000f000   Zero   RW         4693    .ARM.__AT_0x10000000  malloc.o



  Load Region LR$$.ARM.__AT_0x1000F000 (Base: 0x1000f000, Size: 0x00000000, Max: 0x00000f00, ABSOLUTE)

    Execution Region ER$$.ARM.__AT_0x1000F000 (Exec base: 0x1000f000, Load base: 0x1000f000, Size: 0x00000f00, Max: 0x00000f00, ABSOLUTE, UNINIT)

    Exec Addr    Load Addr    Size         Type   Attr      Idx    E Section Name        Object

    0x1000f000        -       0x00000f00   Zero   RW         4694    .ARM.__AT_0x1000F000  malloc.o



  Load Region LR$$.ARM.__AT_0x68000000 (Base: 0x68000000, Size: 0x00000000, Max: 0x000f0000, ABSOLUTE)

    Execution Region ER$$.ARM.__AT_0x68000000 (Exec base: 0x68000000, Load base: 0x68000000, Size: 0x000f0000, Max: 0x000f0000, ABSOLUTE, UNINIT)

    Exec Addr    Load Addr    Size         Type   Attr      Idx    E Section Name        Object

    0x68000000        -       0x000f0000   Zero   RW         4695    .ARM.__AT_0x68000000  malloc.o



  Load Region LR$$.ARM.__AT_0x680F0000 (Base: 0x680f0000, Size: 0x00000000, Max: 0x0000f000, ABSOLUTE)

    Execution Region ER$$.ARM.__AT_0x680F0000 (Exec base: 0x680f0000, Load base: 0x680f0000, Size: 0x0000f000, Max: 0x0000f000, ABSOLUTE, UNINIT)

    Exec Addr    Load Addr    Size         Type   Attr      Idx    E Section Name        Object

    0x680f0000        -       0x0000f000   Zero   RW         4696    .ARM.__AT_0x680F0000  malloc.o


==============================================================================

Image component sizes


      Code (inc. data)   RO Data    RW Data    ZI Data      Debug   Object Name

       116         16          0          4       4200     238214   4g_uart.o
       186          0          0          0          0       4165   diskio.o
       132         22          0          1          0       1379   exti.o
       132         18          0         24          0       4029   fatfs.o
      1868         56          0          6          0      24782   ff.o
       656         70          0          8          0       5995   i2s.o
       172         10          0          0          0        607   led.o
       412         34          0          0          0       4308   m8266hostif_stm32xx.o
       472         72          0          0          0       3655   m8266wifi_ops.o
       248        124          0          2          0     245281   main.o
       504         60         36         36    1218560       6658   malloc.o
       180         24          0          0          0       2317   misc.o
       428         68          0          0          0       2901   myiic.o
       684        202          4         21          0       2967   recorder.o
      7592        412          0         16        704      36327   sdio_sdcard.o
        64         26        392          0       1536        884   startup_stm32f40_41xxx.o
         0          0          0          0          0     319384   stm32f4xx_adc.o
       752         58          0          0          0       8224   stm32f4xx_dma.o
       160         12          0          0          0       1685   stm32f4xx_exti.o
       222          0          0          0          0       3175   stm32f4xx_gpio.o
        26          0          0          0          0     271242   stm32f4xx_it.o
       392         48          0         16          0       6277   stm32f4xx_rcc.o
       208         38          0          0          0       6137   stm32f4xx_sdio.o
       614         12          0          0          0       4918   stm32f4xx_spi.o
        64          4          0          0          0        708   stm32f4xx_syscfg.o
       218         28          0          0          0       4631   stm32f4xx_tim.o
       404          8          0          0          0       4618   stm32f4xx_usart.o
       630         74          0         10        216      33099   sys.o
       396         38          0          0          0       1581   system_stm32f4xx.o
       332         92          0          0          0       5510   test_m8266wifi.o
       188         24          0          0          0       1760   timer.o
        52         14          0          4          0     240649   ussend.o
       758         18          0        116          0       7662   wm8978.o

    ----------------------------------------------------------------------
     19294       1682        464        276    1225244    1505729   Object Totals
         0          0         32          0          0          0   (incl. Generated)
        32          0          0         12         28          0   (incl. Padding)

    ----------------------------------------------------------------------

      Code (inc. data)   RO Data    RW Data    ZI Data      Debug   Library Member Name

     10312        242        120         22         92          0   M8266WIFIDrv_STM32F4xx.o
        24          4          0          0          0         84   __2printf.o
        44          6          0          0          0         84   __2sprintf.o
        90          0          0          0          0          0   __dczerorl2.o
         8          0          0          0          0         68   __main.o
       392          4         17          0          0         92   __printf_flags_ss_wp.o
        14          0          0          0          0         68   __printf_wp.o
         0          0          0          0          0          0   __rtentry.o
        12          0          0          0          0          0   __rtentry2.o
         6          0          0          0          0          0   __rtentry4.o
        52          8          0          0          0          0   __scatter.o
        28          0          0          0          0          0   __scatter_zi.o
        44          0          0          0          0        108   _printf_char.o
        48          6          0          0          0         96   _printf_char_common.o
        36          4          0          0          0         80   _printf_char_file.o
         6          0          0          0          0          0   _printf_d.o
       120         16          0          0          0         92   _printf_dec.o
       148          4         40          0          0        160   _printf_hex_int_ll_ptr.o
       178          0          0          0          0         88   _printf_intcommon.o
         0          0          0          0          0          0   _printf_percent.o
         4          0          0          0          0          0   _printf_percent_end.o
         6          0          0          0          0          0   _printf_s.o
        82          0          0          0          0         80   _printf_str.o
         6          0          0          0          0          0   _printf_x.o
        10          0          0          0          0         68   _sputc.o
        18          0          0          0          0         80   exit.o
         8          0          0          0          0         68   ferror.o
         6          0          0          0          0        152   heapauxi.o
         2          0          0          0          0          0   libinit.o
         6          0          0          0          0          0   libinit2.o
         2          0          0          0          0          0   libshutdown.o
         2          0          0          0          0          0   libshutdown2.o
         8          4          0          0         96         68   libspace.o
        22          0          0          0          0         76   memset.o
        68          0          0          0          0         68   rt_memclr.o
        78          0          0          0          0         80   rt_memclr_w.o
       138          0          0          0          0         68   rt_memcpy_v6.o
       100          0          0          0          0         80   rt_memcpy_w.o
         2          0          0          0          0          0   rtexit.o
        10          0          0          0          0          0   rtexit2.o
       128          0          0          0          0         68   strcmpv7m.o
        62          0          0          0          0         76   strlen.o
        74          0          0          0          0         80   sys_stackheap_outer.o
         2          0          0          0          0         68   use_no_semi.o
         2          0          0          0          0         68   use_no_semi_2.o
        10          0          0          0          0        116   fpinit.o

    ----------------------------------------------------------------------
     12442        298        184         24        192       2384   Library Totals
        24          0          7          2          4          0   (incl. Padding)

    ----------------------------------------------------------------------

      Code (inc. data)   RO Data    RW Data    ZI Data      Debug   Library Name

     10312        242        120         22         92          0   M8266WIFIDrv_STM32F4xx.a
      2096         56         57          0         96       2268   c_w.l
        10          0          0          0          0        116   g_wm.l

    ----------------------------------------------------------------------
     12442        298        184         24        192       2384   Library Totals

    ----------------------------------------------------------------------

==============================================================================


      Code (inc. data)   RO Data    RW Data    ZI Data      Debug   

     31736       1980        648        300    1225436    1490317   Grand Totals
     31736       1980        648        112    1225436    1490317   ELF Image Totals (compressed)
     31736       1980        648        112          0          0   ROM Totals

==============================================================================

    Total RO  Size (Code + RO Data)                32384 (  31.63kB)
    Total RW  Size (RW Data + ZI Data)           1225736 (1197.01kB)
    Total ROM Size (Code + RO Data + RW Data)      32496 (  31.73kB)

==============================================================================

